Component: ARM Compiler 5.06 update 3 (build 300) Tool: armlink [4d35c9]

==============================================================================

Section Cross References

    main.o(i.main) refers to delay.o(i.Delay_Init) for Delay_Init
    main.o(i.main) refers to usart1.o(i.Usart1_Init) for Usart1_Init
    main.o(i.main) refers to usart2.o(i.Usart2_Init) for Usart2_Init
    main.o(i.main) refers to timer4.o(i.TIM4_Init) for TIM4_Init
    main.o(i.main) refers to led.o(i.LED_Init) for LED_Init
    main.o(i.main) refers to dht11.o(i.DHT11_Init) for DHT11_Init
    main.o(i.main) refers to wifi.o(i.WiFi_ResetIO_Init) for WiFi_ResetIO_Init
    main.o(i.main) refers to mqtt.o(i.IoT_Parameter_Init) for IoT_Parameter_Init
    main.o(i.main) refers to usart1.o(i.u1_printf) for u1_printf
    main.o(i.main) refers to usart2.o(i.u2_TxData) for u2_TxData
    main.o(i.main) refers to timer3.o(i.TIM3_ENABLE_30S) for TIM3_ENABLE_30S
    main.o(i.main) refers to control.o(i.Send_Data) for Send_Data
    main.o(i.main) refers to timer2.o(i.TIM2_ENABLE_10S) for TIM2_ENABLE_10S
    main.o(i.main) refers to mqtt.o(i.MQTT_DealPushdata_Qs0) for MQTT_DealPushdata_Qs0
    main.o(i.main) refers to strlen.o(.text) for strlen
    main.o(i.main) refers to memcmp.o(.text) for memcmp
    main.o(i.main) refers to led.o(i.LED_On) for LED_On
    main.o(i.main) refers to led.o(i.LED_Off) for LED_Off
    main.o(i.main) refers to stm32f10x_tim.o(i.TIM_Cmd) for TIM_Cmd
    main.o(i.main) refers to rt_memclr.o(.text) for __aeabi_memclr
    main.o(i.main) refers to wifi.o(i.WiFi_Connect_IoTServer) for WiFi_Connect_IoTServer
    main.o(i.main) refers to mqtt.o(i.MQTT_Buff_Init) for MQTT_Buff_Init
    main.o(i.main) refers to mqtt.o(.data) for connectFlag
    main.o(i.main) refers to mqtt.o(.bss) for MQTT_TxDataBuf
    main.o(i.main) refers to main.o(.data) for cmdLED_On
    main.o(i.main) refers to usart2.o(.data) for Usart2_RxCounter
    main.o(i.main) refers to usart2.o(.bss) for Usart2_RxBuff
    main.o(.data) refers to main.o(.conststring) for .conststring
    stm32f10x_it.o(i.TIM2_IRQHandler) refers to _printf_percent.o(.ARM.Collect$$_printf_percent$$00000000) for _printf_percent
    stm32f10x_it.o(i.TIM2_IRQHandler) refers to _printf_d.o(.ARM.Collect$$_printf_percent$$00000009) for _printf_d
    stm32f10x_it.o(i.TIM2_IRQHandler) refers to _printf_dec.o(.text) for _printf_int_dec
    stm32f10x_it.o(i.TIM2_IRQHandler) refers to _printf_c.o(.ARM.Collect$$_printf_percent$$00000013) for _printf_c
    stm32f10x_it.o(i.TIM2_IRQHandler) refers to _printf_s.o(.ARM.Collect$$_printf_percent$$00000014) for _printf_s
    stm32f10x_it.o(i.TIM2_IRQHandler) refers to _printf_str.o(.text) for _printf_str
    stm32f10x_it.o(i.TIM2_IRQHandler) refers to stm32f10x_tim.o(i.TIM_GetITStatus) for TIM_GetITStatus
    stm32f10x_it.o(i.TIM2_IRQHandler) refers to dht11.o(i.DHT11_Read_Data) for DHT11_Read_Data
    stm32f10x_it.o(i.TIM2_IRQHandler) refers to rt_memclr_w.o(.text) for __aeabi_memclr4
    stm32f10x_it.o(i.TIM2_IRQHandler) refers to __2sprintf.o(.text) for __2sprintf
    stm32f10x_it.o(i.TIM2_IRQHandler) refers to strlen.o(.text) for strlen
    stm32f10x_it.o(i.TIM2_IRQHandler) refers to usart1.o(i.u1_printf) for u1_printf
    stm32f10x_it.o(i.TIM2_IRQHandler) refers to mqtt.o(i.MQTT_PublishQs0) for MQTT_PublishQs0
    stm32f10x_it.o(i.TIM2_IRQHandler) refers to stm32f10x_tim.o(i.TIM_ClearITPendingBit) for TIM_ClearITPendingBit
    stm32f10x_it.o(i.TIM3_IRQHandler) refers to stm32f10x_tim.o(i.TIM_GetITStatus) for TIM_GetITStatus
    stm32f10x_it.o(i.TIM3_IRQHandler) refers to mqtt.o(i.MQTT_PingREQ) for MQTT_PingREQ
    stm32f10x_it.o(i.TIM3_IRQHandler) refers to timer3.o(i.TIM3_ENABLE_2S) for TIM3_ENABLE_2S
    stm32f10x_it.o(i.TIM3_IRQHandler) refers to stm32f10x_tim.o(i.TIM_Cmd) for TIM_Cmd
    stm32f10x_it.o(i.TIM3_IRQHandler) refers to stm32f10x_tim.o(i.TIM_ClearITPendingBit) for TIM_ClearITPendingBit
    stm32f10x_it.o(i.TIM3_IRQHandler) refers to mqtt.o(.data) for pingFlag
    stm32f10x_it.o(i.TIM4_IRQHandler) refers to stm32f10x_tim.o(i.TIM_GetITStatus) for TIM_GetITStatus
    stm32f10x_it.o(i.TIM4_IRQHandler) refers to rt_memcpy_v6.o(.text) for __aeabi_memcpy
    stm32f10x_it.o(i.TIM4_IRQHandler) refers to stm32f10x_tim.o(i.TIM_SetCounter) for TIM_SetCounter
    stm32f10x_it.o(i.TIM4_IRQHandler) refers to stm32f10x_tim.o(i.TIM_Cmd) for TIM_Cmd
    stm32f10x_it.o(i.TIM4_IRQHandler) refers to stm32f10x_tim.o(i.TIM_ClearITPendingBit) for TIM_ClearITPendingBit
    stm32f10x_it.o(i.TIM4_IRQHandler) refers to usart2.o(.data) for Usart2_RxCounter
    stm32f10x_it.o(i.TIM4_IRQHandler) refers to usart2.o(.bss) for Usart2_RxBuff
    stm32f10x_it.o(i.TIM4_IRQHandler) refers to mqtt.o(.data) for MQTT_RxDataInPtr
    stm32f10x_it.o(i.TIM4_IRQHandler) refers to mqtt.o(.bss) for MQTT_RxDataBuf
    stm32f10x_it.o(i.USART2_IRQHandler) refers to stm32f10x_usart.o(i.USART_GetITStatus) for USART_GetITStatus
[...]
    .ARM.Collect$$libinit$$00000030          0x08000252   Section        0  libinit2.o(.ARM.Collect$$libinit$$00000030)
    .ARM.Collect$$libinit$$00000032          0x08000252   Section        0  libinit2.o(.ARM.Collect$$libinit$$00000032)
    .ARM.Collect$$libinit$$00000033          0x08000252   Section        2  libinit2.o(.ARM.Collect$$libinit$$00000033)
    .ARM.Collect$$libshutdown$$00000000      0x08000254   Section        2  libshutdown.o(.ARM.Collect$$libshutdown$$00000000)
    .ARM.Collect$$libshutdown$$00000002      0x08000256   Section        0  libshutdown2.o(.ARM.Collect$$libshutdown$$00000002)
    .ARM.Collect$$libshutdown$$00000004      0x08000256   Section        0  libshutdown2.o(.ARM.Collect$$libshutdown$$00000004)
    .ARM.Collect$$libshutdown$$00000007      0x08000256   Section        0  libshutdown2.o(.ARM.Collect$$libshutdown$$00000007)
    .ARM.Collect$$libshutdown$$0000000A      0x08000256   Section        0  libshutdown2.o(.ARM.Collect$$libshutdown$$0000000A)
    .ARM.Collect$$libshutdown$$0000000C      0x08000256   Section        0  libshutdown2.o(.ARM.Collect$$libshutdown$$0000000C)
    .ARM.Collect$$libshutdown$$0000000F      0x08000256   Section        0  libshutdown2.o(.ARM.Collect$$libshutdown$$0000000F)
    .ARM.Collect$$libshutdown$$00000010      0x08000256   Section        2  libshutdown2.o(.ARM.Collect$$libshutdown$$00000010)
    .ARM.Collect$$rtentry$$00000000          0x08000258   Section        0  __rtentry.o(.ARM.Collect$$rtentry$$00000000)
    .ARM.Collect$$rtentry$$00000002          0x08000258   Section        0  __rtentry2.o(.ARM.Collect$$rtentry$$00000002)
    .ARM.Collect$$rtentry$$00000004          0x08000258   Section        6  __rtentry4.o(.ARM.Collect$$rtentry$$00000004)
    .ARM.Collect$$rtentry$$00000009          0x0800025e   Section        0  __rtentry2.o(.ARM.Collect$$rtentry$$00000009)
    .ARM.Collect$$rtentry$$0000000A          0x0800025e   Section        4  __rtentry2.o(.ARM.Collect$$rtentry$$0000000A)
    .ARM.Collect$$rtentry$$0000000C          0x08000262   Section        0  __rtentry2.o(.ARM.Collect$$rtentry$$0000000C)
    .ARM.Collect$$rtentry$$0000000D          0x08000262   Section        8  __rtentry2.o(.ARM.Collect$$rtentry$$0000000D)
    .ARM.Collect$$rtexit$$00000000           0x0800026a   Section        2  rtexit.o(.ARM.Collect$$rtexit$$00000000)
    .ARM.Collect$$rtexit$$00000002           0x0800026c   Section        0  rtexit2.o(.ARM.Collect$$rtexit$$00000002)
    .ARM.Collect$$rtexit$$00000003           0x0800026c   Section        4  rtexit2.o(.ARM.Collect$$rtexit$$00000003)
    .ARM.Collect$$rtexit$$00000004           0x08000270   Section        6  rtexit2.o(.ARM.Collect$$rtexit$$00000004)
    .text                                    0x08000278   Section       64  startup_stm32f10x_hd.o(.text)
    .text                                    0x080002b8   Section        2  use_no_semi_2.o(.text)
    .text                                    0x080002bc   Section        0  c89vsprintf.o(.text)
    .text                                    0x080002e0   Section        0  __2sprintf.o(.text)
    .text                                    0x0800030c   Section        0  _printf_str.o(.text)
    .text                                    0x08000360   Section        0  _printf_dec.o(.text)
    .text                                    0x080003d8   Section        0  __printf_flags_ss_wp.o(.text)
    .text                                    0x08000560   Section        0  strstr.o(.text)
    .text                                    0x08000584   Section        0  memcmp.o(.text)
    .text                                    0x080005dc   Section        0  strlen.o(.text)
    .text                                    0x0800061a   Section      138  rt_memcpy_v6.o(.text)
    .text                                    0x080006a4   Section       68  rt_memclr.o(.text)
    .text                                    0x080006e8   Section       78  rt_memclr_w.o(.text)
    .text                                    0x08000736   Section        0  heapauxi.o(.text)
    .text                                    0x0800073c   Section        2  use_no_semi.o(.text)
    .text                                    0x0800073e   Section        0  _printf_pad.o(.text)
    .text                                    0x0800078c   Section        0  _printf_truncate.o(.text)
    .text                                    0x080007b0   Section        0  _printf_intcommon.o(.text)
    .text                                    0x08000862   Section        0  _printf_charcount.o(.text)
    .text                                    0x0800088c   Section        0  _printf_char_common.o(.text)
    _printf_input_char                       0x0800088d   Thumb Code    10  _printf_char_common.o(.text)
    .text                                    0x080008bc   Section        0  _sputc.o(.text)
    .text                                    0x080008c6   Section        0  _printf_char.o(.text)
    .text                                    0x080008f4   Section        0  _printf_wctomb.o(.text)
    .text                                    0x080009b0   Section        0  _printf_longlong_dec.o(.text)
    .text                                    0x08000a2c   Section        0  _printf_oct_int_ll.o(.text)
    _printf_longlong_oct_internal            0x08000a2d   Thumb Code     0  _printf_oct_int_ll.o(.text)
    .text                                    0x08000a9c   Section        0  _printf_hex_int_ll_ptr.o(.text)
    _printf_hex_common                       0x08000a9d   Thumb Code     0  _printf_hex_int_ll_ptr.o(.text)
    .text                                    0x08000b30   Section      100  rt_memcpy_w.o(.text)
    .text                                    0x08000b94   Section      138  lludiv10.o(.text)
    .text                                    0x08000c1e   Section        0  _printf_fp_dec.o(.text)
    _fp_digits                               0x08000c21   Thumb Code   428  _printf_fp_dec.o(.text)
    .text                                    0x08001038   Section        0  _printf_wchar.o(.text)
    .text                                    0x08001064   Section        0  _wcrtomb.o(.text)
    .text                                    0x080010a4   Section       74  sys_stackheap_outer.o(.text)
    .text                                    0x080010f0   Section       16  rt_ctype_table.o(.text)
    .text                                    0x08001100   Section        8  rt_locale_intlibspace.o(.text)
    .text                                    0x08001108   Section        0  _printf_fp_infnan.o(.text)
    .text                                    0x08001188   Section        0  bigflt0.o(.text)
    .text                                    0x08001264   Section        0  exit.o(.text)
    .text                                    0x08001278   Section        8  libspace.o(.text)
    .text                                    0x08001280   Section      128  strcmpv7m.o(.text)
    CL$$btod_d2e                             0x08001300   Section       62  btod.o(CL$$btod_d2e)
    CL$$btod_d2e_denorm_low                  0x0800133e   Section       70  btod.o(CL$$btod_d2e_denorm_low)
    CL$$btod_d2e_norm_op1                    0x08001384   Section       96  btod.o(CL$$btod_d2e_norm_op1)
    CL$$btod_div_common                      0x080013e4   Section      824  btod.o(CL$$btod_div_common)
    CL$$btod_e2e                             0x0800171c   Section      198  btod.o(CL$$btod_e2e)
    CL$$btod_ediv                            0x080017e2   Section       40  btod.o(CL$$btod_ediv)
    CL$$btod_emul                            0x0800180a   Section       40  btod.o(CL$$btod_emul)
    CL$$btod_mult_common                     0x08001832   Section      580  btod.o(CL$$btod_mult_common)
    i.BusFault_Handler                       0x08001a76   Section        0  stm32f10x_it.o(i.BusFault_Handler)
    i.CMDBuf_Deal                            0x08001a78   Section        0  mqtt.o(i.CMDBuf_Deal)
    i.DHT11_Check                            0x08001ae4   Section        0  dht11.o(i.DHT11_Check)
    i.DHT11_Init                             0x08001b50   Section        0  dht11.o(i.DHT11_Init)
    i.DHT11_Read_Bit                         0x08001b84   Section        0  dht11.o(i.DHT11_Read_Bit)
    i.DHT11_Read_Byte                        0x08001bdc   Section        0  dht11.o(i.DHT11_Read_Byte)
    i.DHT11_Read_Data                        0x08001bfa   Section        0  dht11.o(i.DHT11_Read_Data)
    i.DHT11_Rst                              0x08001c58   Section        0  dht11.o(i.DHT11_Rst)
    i.DebugMon_Handler                       0x08001c98   Section        0  stm32f10x_it.o(i.DebugMon_Handler)
    i.DelayMs                                0x08001c9c   Section        0  delay.o(i.DelayMs)
    i.DelayUs                                0x08001ce8   Section        0  delay.o(i.DelayUs)
    i.Delay_Init                             0x08001d34   Section        0  delay.o(i.Delay_Init)
    i.GPIO_Init                              0x08001d78   Section        0  stm32f10x_gpio.o(i.GPIO_Init)
    i.GPIO_ReadInputDataBit                  0x08001e8e   Section        0  stm32f10x_gpio.o(i.GPIO_ReadInputDataBit)
    i.GPIO_ResetBits                         0x08001ea0   Section        0  stm32f10x_gpio.o(i.GPIO_ResetBits)
    i.GPIO_SetBits                           0x08001ea4   Section        0  stm32f10x_gpio.o(i.GPIO_SetBits)
    i.GPIO_WriteBit                          0x08001ea8   Section        0  stm32f10x_gpio.o(i.GPIO_WriteBit)
    i.HardFault_Handler                      0x08001eb2   Section        0  stm32f10x_it.o(i.HardFault_Handler)
    i.IoT_Parameter_Init                     0x08001eb4   Section        0  mqtt.o(i.IoT_Parameter_Init)
    i.LED_Init                               0x08001fe0   Section        0  led.o(i.LED_Init)
    i.LED_Off                                0x08002014   Section        0  led.o(i.LED_Off)
    i.LED_On                                 0x08002024   Section        0  led.o(i.LED_On)
    i.MQTT_Buff_Init                         0x08002034   Section        0  mqtt.o(i.MQTT_Buff_Init)
    i.MQTT_ConectPack                        0x080020e4   Section        0  mqtt.o(i.MQTT_ConectPack)
    i.MQTT_DealPushdata_Qs0                  0x080022fc   Section        0  mqtt.o(i.MQTT_DealPushdata_Qs0)
    i.MQTT_PingREQ                           0x08002404   Section        0  mqtt.o(i.MQTT_PingREQ)
    i.MQTT_PublishQs0                        0x08002420   Section        0  mqtt.o(i.MQTT_PublishQs0)
    i.MQTT_Subscribe                         0x0800250c   Section        0  mqtt.o(i.MQTT_Subscribe)
    i.MemManage_Handler                      0x080025a4   Section        0  stm32f10x_it.o(i.MemManage_Handler)
    i.NMI_Handler                            0x080025a6   Section        0  stm32f10x_it.o(i.NMI_Handler)
    i.NVIC_Init                              0x080025a8   Section        0  misc.o(i.NVIC_Init)
    i.NVIC_PriorityGroupConfig               0x08002618   Section        0  misc.o(i.NVIC_PriorityGroupConfig)
    i.PendSV_Handler                         0x0800262c   Section        0  stm32f10x_it.o(i.PendSV_Handler)
    i.RCC_APB1PeriphClockCmd                 0x08002630   Section        0  stm32f10x_rcc.o(i.RCC_APB1PeriphClockCmd)
    i.RCC_APB1PeriphResetCmd                 0x08002650   Section        0  stm32f10x_rcc.o(i.RCC_APB1PeriphResetCmd)
    i.RCC_APB2PeriphClockCmd                 0x08002670   Section        0  stm32f10x_rcc.o(i.RCC_APB2PeriphClockCmd)
    i.RCC_APB2PeriphResetCmd                 0x08002690   Section        0  stm32f10x_rcc.o(i.RCC_APB2PeriphResetCmd)
    i.RCC_GetClocksFreq                      0x080026b0   Section        0  stm32f10x_rcc.o(i.RCC_GetClocksFreq)
    i.SVC_Handler                            0x08002784   Section        0  stm32f10x_it.o(i.SVC_Handler)
    i.Send_Data                              0x08002788   Section        0  control.o(i.Send_Data)
    i.SetSysClock                            0x08002830   Section        0  system_stm32f10x.o(i.SetSysClock)
    SetSysClock                              0x08002831   Thumb Code     8  system_stm32f10x.o(i.SetSysClock)
    i.SetSysClockTo72                        0x08002838   Section        0  system_stm32f10x.o(i.SetSysClockTo72)
    SetSysClockTo72                          0x08002839   Thumb Code   214  system_stm32f10x.o(i.SetSysClockTo72)
    i.SysTick_CLKSourceConfig                0x08002918   Section        0  misc.o(i.SysTick_CLKSourceConfig)
    i.SysTick_Handler                        0x08002940   Section        0  stm32f10x_it.o(i.SysTick_Handler)
    i.SystemInit                             0x08002944   Section        0  system_stm32f10x.o(i.SystemInit)
    i.TIM2_ENABLE_10S                        0x080029a4   Section        0  timer2.o(i.TIM2_ENABLE_10S)
    i.TIM2_IRQHandler                        0x08002a1c   Section        0  stm32f10x_it.o(i.TIM2_IRQHandler)
    i.TIM3_ENABLE_2S                         0x08002b28   Section        0  timer3.o(i.TIM3_ENABLE_2S)
    i.TIM3_ENABLE_30S                        0x08002ba0   Section        0  timer3.o(i.TIM3_ENABLE_30S)
    i.TIM3_IRQHandler                        0x08002c18   Section        0  stm32f10x_it.o(i.TIM3_IRQHandler)
    i.TIM4_IRQHandler                        0x08002c84   Section        0  stm32f10x_it.o(i.TIM4_IRQHandler)
    i.TIM4_Init                              0x08002d1c   Section        0  timer4.o(i.TIM4_Init)
    i.TIM_ClearITPendingBit                  0x08002d8c   Section        0  stm32f10x_tim.o(i.TIM_ClearITPendingBit)
    i.TIM_Cmd                                0x08002d92   Section        0  stm32f10x_tim.o(i.TIM_Cmd)
    i.TIM_DeInit                             0x08002dac   Section        0  stm32f10x_tim.o(i.TIM_DeInit)
    i.TIM_GetITStatus                        0x08002f94   Section        0  stm32f10x_tim.o(i.TIM_GetITStatus)
    i.TIM_ITConfig                           0x08002fb6   Section        0  stm32f10x_tim.o(i.TIM_ITConfig)
    i.TIM_SetCounter                         0x08002fc8   Section        0  stm32f10x_tim.o(i.TIM_SetCounter)
    i.TIM_TimeBaseInit                       0x08002fcc   Section        0  stm32f10x_tim.o(i.TIM_TimeBaseInit)
    i.TxDataBuf_Deal                         0x08003070   Section        0  mqtt.o(i.TxDataBuf_Deal)
    i.USART2_IRQHandler                      0x080030d4   Section        0  stm32f10x_it.o(i.USART2_IRQHandler)
    i.USART_ClearFlag                        0x08003150   Section        0  stm32f10x_usart.o(i.USART_ClearFlag)
    i.USART_Cmd                              0x08003162   Section        0  stm32f10x_usart.o(i.USART_Cmd)
    i.USART_DeInit                           0x0800317c   Section        0  stm32f10x_usart.o(i.USART_DeInit)
    i.USART_GetITStatus                      0x08003218   Section        0  stm32f10x_usart.o(i.USART_GetITStatus)
    i.USART_ITConfig                         0x0800326c   Section        0  stm32f10x_usart.o(i.USART_ITConfig)
    i.USART_Init                             0x080032b8   Section        0  stm32f10x_usart.o(i.USART_Init)
    i.UsageFault_Handler                     0x08003390   Section        0  stm32f10x_it.o(i.UsageFault_Handler)
    i.Usart1_Init                            0x08003394   Section        0  usart1.o(i.Usart1_Init)
    i.Usart2_Init                            0x08003414   Section        0  usart2.o(i.Usart2_Init)
    i.WiFi_Connect_IoTServer                 0x080034cc   Section        0  wifi.o(i.WiFi_Connect_IoTServer)
    i.WiFi_Connect_Server                    0x080037bc   Section        0  wifi.o(i.WiFi_Connect_Server)
    i.WiFi_JoinAP                            0x08003910   Section        0  wifi.o(i.WiFi_JoinAP)
    i.WiFi_Reset                             0x080039b4   Section        0  wifi.o(i.WiFi_Reset)
    i.WiFi_ResetIO_Init                      0x08003a24   Section        0  wifi.o(i.WiFi_ResetIO_Init)
    i.WiFi_SendCmd                           0x08003a58   Section        0  wifi.o(i.WiFi_SendCmd)
    i.__ARM_fpclassify                       0x08003acc   Section        0  fpclassify.o(i.__ARM_fpclassify)
    i._is_digit                              0x08003af4   Section        0  __printf_wp.o(i._is_digit)
    i._sys_exit                              0x08003b02   Section        0  usart1.o(i._sys_exit)
    i.main                                   0x08003b08   Section        0  main.o(i.main)
    i.u1_printf                              0x08004094   Section        0  usart1.o(i.u1_printf)
    i.u2_TxData                              0x080040f0   Section        0  usart2.o(i.u2_TxData)
    i.u2_printf                              0x08004130   Section        0  usart2.o(i.u2_printf)
    locale$$code                             0x0800418c   Section       44  lc_numeric_c.o(locale$$code)
    locale$$code                             0x080041b8   Section       44  lc_ctype_c.o(locale$$code)
    x$fpl$printf1                            0x080041e4   Section        4  printf1.o(x$fpl$printf1)
    .constdata                               0x080041e8   Section       17  __printf_flags_ss_wp.o(.constdata)
    x$fpl$usenofp                            0x080041e8   Section        0  usenofp.o(x$fpl$usenofp)
    maptable                                 0x080041e8   Data          17  __printf_flags_ss_wp.o(.constdata)
    .constdata                               0x080041fc   Section        8  _printf_wctomb.o(.constdata)
    initial_mbstate                          0x080041fc   Data           8  _printf_wctomb.o(.constdata)
    .constdata                               0x08004204   Section       40  _printf_hex_int_ll_ptr.o(.constdata)
    uc_hextab                                0x08004204   Data          20  _printf_hex_int_ll_ptr.o(.constdata)
    lc_hextab                                0x08004218   Data          20  _printf_hex_int_ll_ptr.o(.constdata)
    .constdata                               0x0800422c   Section      148  bigflt0.o(.constdata)
    tenpwrs_x                                0x0800422c   Data          60  bigflt0.o(.constdata)
    tenpwrs_i                                0x08004268   Data          64  bigflt0.o(.constdata)
    .conststring                             0x080042c0   Section       30  main.o(.conststring)
    locale$$data                             0x08004300   Section       28  lc_numeric_c.o(locale$$data)
    __lcnum_c_name                           0x08004304   Data           2  lc_numeric_c.o(locale$$data)
    __lcnum_c_start                          0x0800430c   Data           0  lc_numeric_c.o(locale$$data)
    __lcnum_c_point                          0x08004318   Data           0  lc_numeric_c.o(locale$$data)
    __lcnum_c_thousands                      0x0800431a   Data           0  lc_numeric_c.o(locale$$data)
    __lcnum_c_grouping                       0x0800431b   Data           0  lc_numeric_c.o(locale$$data)
    locale$$data                             0x0800431c   Section      272  lc_ctype_c.o(locale$$data)
    __lcnum_c_end                            0x0800431c   Data           0  lc_numeric_c.o(locale$$data)
    __lcctype_c_name                         0x08004320   Data           2  lc_ctype_c.o(locale$$data)
    __lcctype_c_start                        0x08004328   Data           0  lc_ctype_c.o(locale$$data)
    __lcctype_c_end                          0x0800442c   Data           0  lc_ctype_c.o(locale$$data)
    .data                                    0x20000000   Section       24  main.o(.data)
    .data                                    0x20000018   Section        4  delay.o(.data)
    fac_us                                   0x20000018   Data           1  delay.o(.data)
    fac_ms                                   0x2000001a   Data           2  delay.o(.data)
    .data                                    0x2000001c   Section        8  usart2.o(.data)
    .data                                    0x20000024   Section        1  wifi.o(.data)
    .data                                    0x20000028   Section       68  mqtt.o(.data)
    .data                                    0x2000006c   Section       20  system_stm32f10x.o(.data)
    .data                                    0x20000080   Section       20  stm32f10x_rcc.o(.data)
    APBAHBPrescTable                         0x20000080   Data          16  stm32f10x_rcc.o(.data)
    ADCPrescTable                            0x20000090   Data           4  stm32f10x_rcc.o(.data)
    .bss                                     0x20000098   Section      256  usart1.o(.bss)
    .bss                                     0x20000198   Section     2048  usart2.o(.bss)
    .bss                                     0x20000998   Section     5312  mqtt.o(.bss)
    .bss                                     0x20001e58   Section       96  libspace.o(.bss)
    HEAP                                     0x20001eb8   Section      512  startup_stm32f10x_hd.o(HEAP)
    Heap_Mem                                 0x20001eb8   Data         512  startup_stm32f10x_hd.o(HEAP)
    STACK                                    0x200020b8   Section     1024  startup_stm32f10x_hd.o(STACK)
    Stack_Mem                                0x200020b8   Data        1024  startup_stm32f10x_hd.o(STACK)
    __initial_sp                             0x200024b8   Data           0  startup_stm32f10x_hd.o(STACK)

    Global Symbols

    Symbol Name                              Value     Ov Type        Size  Object(Section)

    BuildAttributes$$THM_ISAv4$P$D$K$B$S$PE$A:L22UL41UL21$X:L11$S22US41US21$IEEE1$IW$USESV6$~STKCKD$USESV7$~SHL$OTIME$ROPI$IEEEJ$EBA8$UX$STANDARDLIB$REQ8$PRES8$EABIv2 0x00000000   Number         0  anon$$obj.o ABSOLUTE
    __ARM_use_no_argv                        0x00000000   Number         0  main.o ABSOLUTE
    _printf_flags                            0x00000000   Number         0  printf_stubs.o ABSOLUTE
    _printf_return_value                     0x00000000   Number         0  printf_stubs.o ABSOLUTE
    _printf_sizespec                         0x00000000   Number         0  printf_stubs.o ABSOLUTE
    _printf_widthprec                        0x00000000   Number         0  printf_stubs.o ABSOLUTE
    __ARM_exceptions_init                     - Undefined Weak Reference
    __alloca_initialize                       - Undefined Weak Reference
    __arm_preinit_                            - Undefined Weak Reference
    __cpp_initialize__aeabi_                  - Undefined Weak Reference
    __cxa_finalize                            - Undefined Weak Reference
    __sigvec_lookup                           - Undefined Weak Reference
    _atexit_init                              - Undefined Weak Reference
    _call_atexit_fns                          - Undefined Weak Reference
    _clock_init                               - Undefined Weak Reference
    _fp_trap_init                             - Undefined Weak Reference
    _fp_trap_shutdown                         - Undefined Weak Reference
    _get_lc_collate                           - Undefined Weak Reference
    _get_lc_monetary                          - Undefined Weak Reference
    _get_lc_time                              - Undefined Weak Reference
    _getenv_init                              - Undefined Weak Reference
    _handle_redirection                       - Undefined Weak Reference
    _init_alloc                               - Undefined Weak Reference
    _init_user_alloc                          - Undefined Weak Reference
    _initio                                   - Undefined Weak Reference
    _printf_fp_hex                            - Undefined Weak Reference
    _printf_mbtowc                            - Undefined Weak Reference
    _printf_wc                                - Undefined Weak Reference
    _rand_init                                - Undefined Weak Reference
    _signal_finish                            - Undefined Weak Reference
    _signal_init                              - Undefined Weak Reference
    _terminate_alloc                          - Undefined Weak Reference
    _terminate_user_alloc                     - Undefined Weak Reference
    _terminateio                              - Undefined Weak Reference
    __Vectors_Size                           0x00000130   Number         0  startup_stm32f10x_hd.o ABSOLUTE
    __Vectors                                0x08000000   Data           4  startup_stm32f10x_hd.o(RESET)
    __Vectors_End                            0x08000130   Data           0  startup_stm32f10x_hd.o(RESET)
    __main                                   0x08000131   Thumb Code     8  __main.o(!!!main)
    __scatterload                            0x08000139   Thumb Code     0  __scatter.o(!!!scatter)
    __scatterload_rt2                        0x08000139   Thumb Code    44  __scatter.o(!!!scatter)
    __scatterload_rt2_thumb_only             0x08000139   Thumb Code     0  __scatter.o(!!!scatter)
    __scatterload_null                       0x08000147   Thumb Code     0  __scatter.o(!!!scatter)
    __scatterload_copy                       0x0800016d   Thumb Code    26  __scatter_copy.o(!!handler_copy)
    __scatterload_zeroinit                   0x08000189   Thumb Code    28  __scatter_zi.o(!!handler_zi)
    _printf_n                                0x080001a5   Thumb Code     0  _printf_n.o(.ARM.Collect$$_printf_percent$$00000001)
    _printf_percent                          0x080001a5   Thumb Code     0  _printf_percent.o(.ARM.Collect$$_printf_percent$$00000000)
    _printf_p                                0x080001ab   Thumb Code     0  _printf_p.o(.ARM.Collect$$_printf_percent$$00000002)
    _printf_f                                0x080001b1   Thumb Code     0  _printf_f.o(.ARM.Collect$$_printf_percent$$00000003)
    _printf_e                                0x080001b7   Thumb Code     0  _printf_e.o(.ARM.Collect$$_printf_percent$$00000004)
    _printf_g                                0x080001bd   Thumb Code     0  _printf_g.o(.ARM.Collect$$_printf_percent$$00000005)
    _printf_a                                0x080001c3   Thumb Code     0  _printf_a.o(.ARM.Collect$$_printf_percent$$00000006)
    _printf_ll                               0x080001c9   Thumb Code     0  _printf_ll.o(.ARM.Collect$$_printf_percent$$00000007)
    _printf_i                                0x080001d3   Thumb Code     0  _printf_i.o(.ARM.Collect$$_printf_percent$$00000008)
    _printf_d                                0x080001d9   Thumb Code     0  _printf_d.o(.ARM.Collect$$_printf_percent$$00000009)
    _printf_u                                0x080001df   Thumb Code     0  _printf_u.o(.ARM.Collect$$_printf_percent$$0000000A)
    _printf_o                                0x080001e5   Thumb Code     0  _printf_o.o(.ARM.Collect$$_printf_percent$$0000000B)
    _printf_x                                0x080001eb   Thumb Code     0  _printf_x.o(.ARM.Collect$$_printf_percent$$0000000C)
    _printf_lli                              0x080001f1   Thumb Code     0  _printf_lli.o(.ARM.Collect$$_printf_percent$$0000000D)
    _printf_lld                              0x080001f7   Thumb Code     0  _printf_lld.o(.ARM.Collect$$_printf_percent$$0000000E)
    _printf_llu                              0x080001fd   Thumb Code     0  _printf_llu.o(.ARM.Collect$$_printf_percent$$0000000F)
    _printf_llo                              0x08000203   Thumb Code     0  _printf_llo.o(.ARM.Collect$$_printf_percent$$00000010)
    _printf_llx                              0x08000209   Thumb Code     0  _printf_llx.o(.ARM.Collect$$_printf_percent$$00000011)
    _printf_l                                0x0800020f   Thumb Code     0  _printf_l.o(.ARM.Collect$$_printf_percent$$00000012)
    _printf_c                                0x08000219   Thumb Code     0  _printf_c.o(.ARM.Collect$$_printf_percent$$00000013)
    _printf_s                                0x0800021f   Thumb Code     0  _printf_s.o(.ARM.Collect$$_printf_percent$$00000014)
    _printf_lc                               0x08000225   Thumb Code     0  _printf_lc.o(.ARM.Collect$$_printf_percent$$00000015)
    _printf_ls                               0x0800022b   Thumb Code     0  _printf_ls.o(.ARM.Collect$$_printf_percent$$00000016)
    _printf_percent_end                      0x08000231   Thumb Code     0  _printf_percent_end.o(.ARM.Collect$$_printf_percent$$00000017)
    __rt_lib_init                            0x08000235   Thumb Code     0  libinit.o(.ARM.Collect$$libinit$$00000000)
    __rt_lib_init_fp_1                       0x08000237   Thumb Code     0  libinit2.o(.ARM.Collect$$libinit$$00000002)
    __rt_lib_init_heap_1                     0x08000237   Thumb Code     0  libinit2.o(.ARM.Collect$$libinit$$0000000A)
    __rt_lib_init_lc_common                  0x08000237   Thumb Code     0  libinit2.o(.ARM.Collect$$libinit$$0000000F)
    __rt_lib_init_preinit_1                  0x08000237   Thumb Code     0  libinit2.o(.ARM.Collect$$libinit$$00000004)
    __rt_lib_init_rand_1                     0x08000237   Thumb Code     0  libinit2.o(.ARM.Collect$$libinit$$0000000E)
    __rt_lib_init_user_alloc_1               0x08000237   Thumb Code     0  libinit2.o(.ARM.Collect$$libinit$$0000000C)
    __rt_lib_init_lc_collate_1               0x0800023d   Thumb Code     0  libinit2.o(.ARM.Collect$$libinit$$00000011)
    __rt_lib_init_lc_ctype_2                 0x0800023d   Thumb Code     0  libinit2.o(.ARM.Collect$$libinit$$00000012)
    __rt_lib_init_lc_ctype_1                 0x08000249   Thumb Code     0  libinit2.o(.ARM.Collect$$libinit$$00000013)
    __rt_lib_init_lc_monetary_1              0x08000249   Thumb Code     0  libinit2.o(.ARM.Collect$$libinit$$00000015)
    __rt_lib_init_lc_numeric_2               0x08000249   Thumb Code     0  libinit2.o(.ARM.Collect$$libinit$$00000016)
    __rt_lib_init_alloca_1                   0x08000253   Thumb Code     0  libinit2.o(.ARM.Collect$$libinit$$0000002E)
    __rt_lib_init_argv_1                     0x08000253   Thumb Code     0  libinit2.o(.ARM.Collect$$libinit$$0000002C)
    __rt_lib_init_atexit_1                   0x08000253   Thumb Code     0  libinit2.o(.ARM.Collect$$libinit$$0000001B)
    __rt_lib_init_clock_1                    0x08000253   Thumb Code     0  libinit2.o(.ARM.Collect$$libinit$$00000021)
    __rt_lib_init_cpp_1                      0x08000253   Thumb Code     0  libinit2.o(.ARM.Collect$$libinit$$00000032)
    __rt_lib_init_exceptions_1               0x08000253   Thumb Code     0  libinit2.o(.ARM.Collect$$libinit$$00000030)
    __rt_lib_init_fp_trap_1                  0x08000253   Thumb Code     0  libinit2.o(.ARM.Collect$$libinit$$0000001F)
    __rt_lib_init_getenv_1                   0x08000253   Thumb Code     0  libinit2.o(.ARM.Collect$$libinit$$00000023)
    __rt_lib_init_lc_numeric_1               0x08000253   Thumb Code     0  libinit2.o(.ARM.Collect$$libinit$$00000017)
    __rt_lib_init_lc_time_1                  0x08000253   Thumb Code     0  libinit2.o(.ARM.Collect$$libinit$$00000019)
    __rt_lib_init_return                     0x08000253   Thumb Code     0  libinit2.o(.ARM.Collect$$libinit$$00000033)
    __rt_lib_init_signal_1                   0x08000253   Thumb Code     0  libinit2.o(.ARM.Collect$$libinit$$0000001D)
    __rt_lib_init_stdio_1                    0x08000253   Thumb Code     0  libinit2.o(.ARM.Collect$$libinit$$00000025)
    __rt_lib_shutdown                        0x08000255   Thumb Code     0  libshutdown.o(.ARM.Collect$$libshutdown$$00000000)
    __rt_lib_shutdown_cpp_1                  0x08000257   Thumb Code     0  libshutdown2.o(.ARM.Collect$$libshutdown$$00000002)
    __rt_lib_shutdown_fp_trap_1              0x08000257   Thumb Code     0  libshutdown2.o(.ARM.Collect$$libshutdown$$00000007)
    __rt_lib_shutdown_heap_1                 0x08000257   Thumb Code     0  libshutdown2.o(.ARM.Collect$$libshutdown$$0000000F)
    __rt_lib_shutdown_return                 0x08000257   Thumb Code     0  libshutdown2.o(.ARM.Collect$$libshutdown$$00000010)
    __rt_lib_shutdown_signal_1               0x08000257   Thumb Code     0  libshutdown2.o(.ARM.Collect$$libshutdown$$0000000A)
    __rt_lib_shutdown_stdio_1                0x08000257   Thumb Code     0  libshutdown2.o(.ARM.Collect$$libshutdown$$00000004)
    __rt_lib_shutdown_user_alloc_1           0x08000257   Thumb Code     0  libshutdown2.o(.ARM.Collect$$libshutdown$$0000000C)
    __rt_entry                               0x08000259   Thumb Code     0  __rtentry.o(.ARM.Collect$$rtentry$$00000000)
    __rt_entry_presh_1                       0x08000259   Thumb Code     0  __rtentry2.o(.ARM.Collect$$rtentry$$00000002)
    __rt_entry_sh                            0x08000259   Thumb Code     0  __rtentry4.o(.ARM.Collect$$rtentry$$00000004)
    __rt_entry_li                            0x0800025f   Thumb Code     0  __rtentry2.o(.ARM.Collect$$rtentry$$0000000A)
    __rt_entry_postsh_1                      0x0800025f   Thumb Code     0  __rtentry2.o(.ARM.Collect$$rtentry$$00000009)
    __rt_entry_main                          0x08000263   Thumb Code     0  __rtentry2.o(.ARM.Collect$$rtentry$$0000000D)
    __rt_entry_postli_1                      0x08000263   Thumb Code     0  __rtentry2.o(.ARM.Collect$$rtentry$$0000000C)
    __rt_exit                                0x0800026b   Thumb Code     0  rtexit.o(.ARM.Collect$$rtexit$$00000000)
    __rt_exit_ls                             0x0800026d   Thumb Code     0  rtexit2.o(.ARM.Collect$$rtexit$$00000003)
    __rt_exit_prels_1                        0x0800026d   Thumb Code     0  rtexit2.o(.ARM.Collect$$rtexit$$00000002)
    __rt_exit_exit                           0x08000271   Thumb Code     0  rtexit2.o(.ARM.Collect$$rtexit$$00000004)
    Reset_Handler                            0x08000279   Thumb Code     8  startup_stm32f10x_hd.o(.text)
    ADC1_2_IRQHandler                        0x08000293   Thumb Code     0  startup_stm32f10x_hd.o(.text)
    ADC3_IRQHandler                          0x08000293   Thumb Code     0  startup_stm32f10x_hd.o(.text)
    CAN1_RX1_IRQHandler                      0x08000293   Thumb Code     0  startup_stm32f10x_hd.o(.text)
    CAN1_SCE_IRQHandler                      0x08000293   Thumb Code     0  startup_stm32f10x_hd.o(.text)
    DMA1_Channel1_IRQHandler                 0x08000293   Thumb Code     0  startup_stm32f10x_hd.o(.text)
    DMA1_Channel2_IRQHandler                 0x08000293   Thumb Code     0  startup_stm32f10x_hd.o(.text)
    DMA1_Channel3_IRQHandler                 0x08000293   Thumb Code     0  startup_stm32f10x_hd.o(.text)
    DMA1_Channel4_IRQHandler                 0x08000293   Thumb Code     0  startup_stm32f10x_hd.o(.text)
    DMA1_Channel5_IRQHandler                 0x08000293   Thumb Code     0  startup_stm32f10x_hd.o(.text)
    DMA1_Channel6_IRQHandler                 0x08000293   Thumb Code     0  startup_stm32f10x_hd.o(.text)
    DMA1_Channel7_IRQHandler                 0x08000293   Thumb Code     0  startup_stm32f10x_hd.o(.text)
    DMA2_Channel1_IRQHandler                 0x08000293   Thumb Code     0  startup_stm32f10x_hd.o(.text)
    DMA2_Channel2_IRQHandler                 0x08000293   Thumb Code     0  startup_stm32f10x_hd.o(.text)
    DMA2_Channel3_IRQHandler                 0x08000293   Thumb Code     0  startup_stm32f10x_hd.o(.text)
    DMA2_Channel4_5_IRQHandler               0x08000293   Thumb Code     0  startup_stm32f10x_hd.o(.text)
    EXTI0_IRQHandler                         0x08000293   Thumb Code     0  startup_stm32f10x_hd.o(.text)
    EXTI15_10_IRQHandler                     0x08000293   Thumb Code     0  startup_stm32f10x_hd.o(.text)
    EXTI1_IRQHandler                         0x08000293   Thumb Code     0  startup_stm32f10x_hd.o(.text)
    EXTI2_IRQHandler                         0x08000293   Thumb Code     0  startup_stm32f10x_hd.o(.text)
    EXTI3_IRQHandler                         0x08000293   Thumb Code     0  startup_stm32f10x_hd.o(.text)
    EXTI4_IRQHandler                         0x08000293   Thumb Code     0  startup_stm32f10x_hd.o(.text)
    EXTI9_5_IRQHandler                       0x08000293   Thumb Code     0  startup_stm32f10x_hd.o(.text)
    FLASH_IRQHandler                         0x08000293   Thumb Code     0  startup_stm32f10x_hd.o(.text)
    FSMC_IRQHandler                          0x08000293   Thumb Code     0  startup_stm32f10x_hd.o(.text)
    I2C1_ER_IRQHandler                       0x08000293   Thumb Code     0  startup_stm32f10x_hd.o(.text)
    I2C1_EV_IRQHandler                       0x08000293   Thumb Code     0  startup_stm32f10x_hd.o(.text)
    I2C2_ER_IRQHandler                       0x08000293   Thumb Code     0  startup_stm32f10x_hd.o(.text)
    I2C2_EV_IRQHandler                       0x08000293   Thumb Code     0  startup_stm32f10x_hd.o(.text)
    PVD_IRQHandler                           0x08000293   Thumb Code     0  startup_stm32f10x_hd.o(.text)
    RCC_IRQHandler                           0x08000293   Thumb Code     0  startup_stm32f10x_hd.o(.text)
    RTCAlarm_IRQHandler                      0x08000293   Thumb Code     0  startup_stm32f10x_hd.o(.text)
    RTC_IRQHandler                           0x08000293   Thumb Code     0  startup_stm32f10x_hd.o(.text)
    SDIO_IRQHandler                          0x08000293   Thumb Code     0  startup_stm32f10x_hd.o(.text)
    SPI1_IRQHandler                          0x08000293   Thumb Code     0  startup_stm32f10x_hd.o(.text)
    SPI2_IRQHandler                          0x08000293   Thumb Code     0  startup_stm32f10x_hd.o(.text)
    SPI3_IRQHandler                          0x08000293   Thumb Code     0  startup_stm32f10x_hd.o(.text)
    TAMPER_IRQHandler                        0x08000293   Thumb Code     0  startup_stm32f10x_hd.o(.text)
    TIM1_BRK_IRQHandler                      0x08000293   Thumb Code     0  startup_stm32f10x_hd.o(.text)
    TIM1_CC_IRQHandler                       0x08000293   Thumb Code     0  startup_stm32f10x_hd.o(.text)
    TIM1_TRG_COM_IRQHandler                  0x08000293   Thumb Code     0  startup_stm32f10x_hd.o(.text)
    TIM1_UP_IRQHandler                       0x08000293   Thumb Code     0  startup_stm32f10x_hd.o(.text)
    TIM5_IRQHandler                          0x08000293   Thumb Code     0  startup_stm32f10x_hd.o(.text)
    TIM6_IRQHandler                          0x08000293   Thumb Code     0  startup_stm32f10x_hd.o(.text)
    TIM7_IRQHandler                          0x08000293   Thumb Code     0  startup_stm32f10x_hd.o(.text)
    TIM8_BRK_IRQHandler                      0x08000293   Thumb Code     0  startup_stm32f10x_hd.o(.text)
    TIM8_CC_IRQHandler                       0x08000293   Thumb Code     0  startup_stm32f10x_hd.o(.text)
    TIM8_TRG_COM_IRQHandler                  0x08000293   Thumb Code     0  startup_stm32f10x_hd.o(.text)
    TIM8_UP_IRQHandler                       0x08000293   Thumb Code     0  startup_stm32f10x_hd.o(.text)
    UART4_IRQHandler                         0x08000293   Thumb Code     0  startup_stm32f10x_hd.o(.text)
    UART5_IRQHandler                         0x08000293   Thumb Code     0  startup_stm32f10x_hd.o(.text)
    USART1_IRQHandler                        0x08000293   Thumb Code     0  startup_stm32f10x_hd.o(.text)
    USART3_IRQHandler                        0x08000293   Thumb Code     0  startup_stm32f10x_hd.o(.text)
    USBWakeUp_IRQHandler                     0x08000293   Thumb Code     0  startup_stm32f10x_hd.o(.text)
    USB_HP_CAN1_TX_IRQHandler                0x08000293   Thumb Code     0  startup_stm32f10x_hd.o(.text)
    USB_LP_CAN1_RX0_IRQHandler               0x08000293   Thumb Code     0  startup_stm32f10x_hd.o(.text)
    WWDG_IRQHandler                          0x08000293   Thumb Code     0  startup_stm32f10x_hd.o(.text)
    __user_initial_stackheap                 0x08000295   Thumb Code     0  startup_stm32f10x_hd.o(.text)
    __use_no_semihosting                     0x080002b9   Thumb Code     2  use_no_semi_2.o(.text)
    __c89vsprintf                            0x080002bd   Thumb Code    32  c89vsprintf.o(.text)
    __2sprintf                               0x080002e1   Thumb Code    38  __2sprintf.o(.text)
    _printf_str                              0x0800030d   Thumb Code    82  _printf_str.o(.text)
    _printf_int_dec                          0x08000361   Thumb Code   104  _printf_dec.o(.text)
    __printf                                 0x080003d9   Thumb Code   388  __printf_flags_ss_wp.o(.text)
    strstr                                   0x08000561   Thumb Code    36  strstr.o(.text)
    memcmp                                   0x08000585   Thumb Code    88  memcmp.o(.text)
    strlen                                   0x080005dd   Thumb Code    62  strlen.o(.text)
    __aeabi_memcpy                           0x0800061b   Thumb Code     0  rt_memcpy_v6.o(.text)
    __rt_memcpy                              0x0800061b   Thumb Code   138  rt_memcpy_v6.o(.text)
    _memcpy_lastbytes                        0x08000681   Thumb Code     0  rt_memcpy_v6.o(.text)
    __aeabi_memclr                           0x080006a5   Thumb Code     0  rt_memclr.o(.text)
    __rt_memclr                              0x080006a5   Thumb Code    68  rt_memclr.o(.text)
    _memset                                  0x080006a9   Thumb Code     0  rt_memclr.o(.text)
    __aeabi_memclr4                          0x080006e9   Thumb Code     0  rt_memclr_w.o(.text)
    __aeabi_memclr8                          0x080006e9   Thumb Code     0  rt_memclr_w.o(.text)
    __rt_memclr_w                            0x080006e9   Thumb Code    78  rt_memclr_w.o(.text)
    _memset_w                                0x080006ed   Thumb Code     0  rt_memclr_w.o(.text)
    __use_two_region_memory                  0x08000737   Thumb Code     2  heapauxi.o(.text)
    __rt_heap_escrow$2region                 0x08000739   Thumb Code     2  heapauxi.o(.text)
    __rt_heap_expand$2region                 0x0800073b   Thumb Code     2  heapauxi.o(.text)
    __I$use$semihosting                      0x0800073d   Thumb Code     0  use_no_semi.o(.text)
    __use_no_semihosting_swi                 0x0800073d   Thumb Code     2  use_no_semi.o(.text)
    _printf_pre_padding                      0x0800073f   Thumb Code    44  _printf_pad.o(.text)
    _printf_post_padding                     0x0800076b   Thumb Code    34  _printf_pad.o(.text)
    _printf_truncate_signed                  0x0800078d   Thumb Code    18  _printf_truncate.o(.text)
    _printf_truncate_unsigned                0x0800079f   Thumb Code    18  _printf_truncate.o(.text)
    _printf_int_common                       0x080007b1   Thumb Code   178  _printf_intcommon.o(.text)
    _printf_charcount                        0x08000863   Thumb Code    40  _printf_charcount.o(.text)
    _printf_char_common                      0x08000897   Thumb Code    32  _printf_char_common.o(.text)
    _sputc                                   0x080008bd   Thumb Code    10  _sputc.o(.text)
    _printf_cs_common                        0x080008c7   Thumb Code    20  _printf_char.o(.text)
    _printf_char                             0x080008db   Thumb Code    16  _printf_char.o(.text)
    _printf_string                           0x080008eb   Thumb Code     8  _printf_char.o(.text)
    _printf_wctomb                           0x080008f5   Thumb Code   182  _printf_wctomb.o(.text)
    _printf_longlong_dec                     0x080009b1   Thumb Code   108  _printf_longlong_dec.o(.text)
    _printf_longlong_oct                     0x08000a2d   Thumb Code    68  _printf_oct_int_ll.o(.text)
    _printf_int_oct                          0x08000a71   Thumb Code    24  _printf_oct_int_ll.o(.text)
    _printf_ll_oct                           0x08000a89   Thumb Code    12  _printf_oct_int_ll.o(.text)
    _printf_longlong_hex                     0x08000a9d   Thumb Code    86  _printf_hex_int_ll_ptr.o(.text)
    _printf_int_hex                          0x08000af3   Thumb Code    28  _printf_hex_int_ll_ptr.o(.text)
    _printf_ll_hex                           0x08000b0f   Thumb Code    12  _printf_hex_int_ll_ptr.o(.text)
    _printf_hex_ptr                          0x08000b1b   Thumb Code    18  _printf_hex_int_ll_ptr.o(.text)
    __aeabi_memcpy4                          0x08000b31   Thumb Code     0  rt_memcpy_w.o(.text)
    __aeabi_memcpy8                          0x08000b31   Thumb Code     0  rt_memcpy_w.o(.text)
    __rt_memcpy_w                            0x08000b31   Thumb Code   100  rt_memcpy_w.o(.text)
    _memcpy_lastbytes_aligned                0x08000b79   Thumb Code     0  rt_memcpy_w.o(.text)
    _ll_udiv10                               0x08000b95   Thumb Code   138  lludiv10.o(.text)
    __lib_sel_fp_printf                      0x08000c1f   Thumb Code     2  _printf_fp_dec.o(.text)
    _printf_fp_dec_real                      0x08000dcd   Thumb Code   620  _printf_fp_dec.o(.text)
    _printf_lcs_common                       0x08001039   Thumb Code    20  _printf_wchar.o(.text)
    _printf_wchar                            0x0800104d   Thumb Code    16  _printf_wchar.o(.text)
    _printf_wstring                          0x0800105d   Thumb Code     8  _printf_wchar.o(.text)
    _wcrtomb                                 0x08001065   Thumb Code    64  _wcrtomb.o(.text)
    __user_setup_stackheap                   0x080010a5   Thumb Code    74  sys_stackheap_outer.o(.text)
    __rt_ctype_table                         0x080010f1   Thumb Code    16  rt_ctype_table.o(.text)
    __rt_locale                              0x08001101   Thumb Code     8  rt_locale_intlibspace.o(.text)
    _printf_fp_infnan                        0x08001109   Thumb Code   112  _printf_fp_infnan.o(.text)
    _btod_etento                             0x08001189   Thumb Code   216  bigflt0.o(.text)
    exit                                     0x08001265   Thumb Code    18  exit.o(.text)
    __user_libspace                          0x08001279   Thumb Code     8  libspace.o(.text)
    __user_perproc_libspace                  0x08001279   Thumb Code     0  libspace.o(.text)
    __user_perthread_libspace                0x08001279   Thumb Code     0  libspace.o(.text)
    strcmp                                   0x08001281   Thumb Code   128  strcmpv7m.o(.text)
    _btod_d2e                                0x08001301   Thumb Code    62  btod.o(CL$$btod_d2e)
    _d2e_denorm_low                          0x0800133f   Thumb Code    70  btod.o(CL$$btod_d2e_denorm_low)
    _d2e_norm_op1                            0x08001385   Thumb Code    96  btod.o(CL$$btod_d2e_norm_op1)
    __btod_div_common                        0x080013e5   Thumb Code   696  btod.o(CL$$btod_div_common)
    _e2e                                     0x0800171d   Thumb Code   198  btod.o(CL$$btod_e2e)
    _btod_ediv                               0x080017e3   Thumb Code    40  btod.o(CL$$btod_ediv)
    _btod_emul                               0x0800180b   Thumb Code    40  btod.o(CL$$btod_emul)
    __btod_mult_common                       0x08001833   Thumb Code   580  btod.o(CL$$btod_mult_common)
    BusFault_Handler                         0x08001a77   Thumb Code     2  stm32f10x_it.o(i.BusFault_Handler)
    CMDBuf_Deal                              0x08001a79   Thumb Code    96  mqtt.o(i.CMDBuf_Deal)
    DHT11_Check                              0x08001ae5   Thumb Code   102  dht11.o(i.DHT11_Check)
    DHT11_Init                               0x08001b51   Thumb Code    46  dht11.o(i.DHT11_Init)
    DHT11_Read_Bit                           0x08001b85   Thumb Code    84  dht11.o(i.DHT11_Read_Bit)
    DHT11_Read_Byte                          0x08001bdd   Thumb Code    30  dht11.o(i.DHT11_Read_Byte)
    DHT11_Read_Data                          0x08001bfb   Thumb Code    92  dht11.o(i.DHT11_Read_Data)
    DHT11_Rst                                0x08001c59   Thumb Code    58  dht11.o(i.DHT11_Rst)
    DebugMon_Handler                         0x08001c99   Thumb Code     2  stm32f10x_it.o(i.DebugMon_Handler)
    DelayMs                                  0x08001c9d   Thumb Code    72  delay.o(i.DelayMs)
    DelayUs                                  0x08001ce9   Thumb Code    72  delay.o(i.DelayUs)
    Delay_Init                               0x08001d35   Thumb Code    50  delay.o(i.Delay_Init)
    GPIO_Init                                0x08001d79   Thumb Code   278  stm32f10x_gpio.o(i.GPIO_Init)
    GPIO_ReadInputDataBit                    0x08001e8f   Thumb Code    18  stm32f10x_gpio.o(i.GPIO_ReadInputDataBit)
    GPIO_ResetBits                           0x08001ea1   Thumb Code     4  stm32f10x_gpio.o(i.GPIO_ResetBits)
    GPIO_SetBits                             0x08001ea5   Thumb Code     4  stm32f10x_gpio.o(i.GPIO_SetBits)
    GPIO_WriteBit                            0x08001ea9   Thumb Code    10  stm32f10x_gpio.o(i.GPIO_WriteBit)
    HardFault_Handler                        0x08001eb3   Thumb Code     2  stm32f10x_it.o(i.HardFault_Handler)
    IoT_Parameter_Init                       0x08001eb5   Thumb Code   150  mqtt.o(i.IoT_Parameter_Init)
    LED_Init                                 0x08001fe1   Thumb Code    46  led.o(i.LED_Init)
    LED_Off                                  0x08002015   Thumb Code    12  led.o(i.LED_Off)
    LED_On                                   0x08002025   Thumb Code    12  led.o(i.LED_On)
    MQTT_Buff_Init                           0x08002035   Thumb Code    90  mqtt.o(i.MQTT_Buff_Init)
    MQTT_ConectPack                          0x080020e5   Thumb Code   496  mqtt.o(i.MQTT_ConectPack)
    MQTT_DealPushdata_Qs0                    0x080022fd   Thumb Code   234  mqtt.o(i.MQTT_DealPushdata_Qs0)
    MQTT_PingREQ                             0x08002405   Thumb Code    22  mqtt.o(i.MQTT_PingREQ)
    MQTT_PublishQs0                          0x08002421   Thumb Code   220  mqtt.o(i.MQTT_PublishQs0)
    MQTT_Subscribe                           0x0800250d   Thumb Code   134  mqtt.o(i.MQTT_Subscribe)
    MemManage_Handler                        0x080025a5   Thumb Code     2  stm32f10x_it.o(i.MemManage_Handler)
    NMI_Handler                              0x080025a7   Thumb Code     2  stm32f10x_it.o(i.NMI_Handler)
    NVIC_Init                                0x080025a9   Thumb Code   100  misc.o(i.NVIC_Init)
    NVIC_PriorityGroupConfig                 0x08002619   Thumb Code    10  misc.o(i.NVIC_PriorityGroupConfig)
    PendSV_Handler                           0x0800262d   Thumb Code     2  stm32f10x_it.o(i.PendSV_Handler)
    RCC_APB1PeriphClockCmd                   0x08002631   Thumb Code    26  stm32f10x_rcc.o(i.RCC_APB1PeriphClockCmd)
    RCC_APB1PeriphResetCmd                   0x08002651   Thumb Code    26  stm32f10x_rcc.o(i.RCC_APB1PeriphResetCmd)
    RCC_APB2PeriphClockCmd                   0x08002671   Thumb Code    26  stm32f10x_rcc.o(i.RCC_APB2PeriphClockCmd)
    RCC_APB2PeriphResetCmd                   0x08002691   Thumb Code    26  stm32f10x_rcc.o(i.RCC_APB2PeriphResetCmd)
    RCC_GetClocksFreq                        0x080026b1   Thumb Code   192  stm32f10x_rcc.o(i.RCC_GetClocksFreq)
    SVC_Handler                              0x08002785   Thumb Code     2  stm32f10x_it.o(i.SVC_Handler)
    Send_Data                                0x08002789   Thumb Code   118  control.o(i.Send_Data)
    SysTick_CLKSourceConfig                  0x08002919   Thumb Code    40  misc.o(i.SysTick_CLKSourceConfig)
    SysTick_Handler                          0x08002941   Thumb Code     2  stm32f10x_it.o(i.SysTick_Handler)
    SystemInit                               0x08002945   Thumb Code    78  system_stm32f10x.o(i.SystemInit)
    TIM2_ENABLE_10S                          0x080029a5   Thumb Code   118  timer2.o(i.TIM2_ENABLE_10S)
    TIM2_IRQHandler                          0x08002a1d   Thumb Code   196  stm32f10x_it.o(i.TIM2_IRQHandler)
    TIM3_ENABLE_2S                           0x08002b29   Thumb Code   116  timer3.o(i.TIM3_ENABLE_2S)
    TIM3_ENABLE_30S                          0x08002ba1   Thumb Code   114  timer3.o(i.TIM3_ENABLE_30S)
    TIM3_IRQHandler                          0x08002c19   Thumb Code    94  stm32f10x_it.o(i.TIM3_IRQHandler)
    TIM4_IRQHandler                          0x08002c85   Thumb Code   122  stm32f10x_it.o(i.TIM4_IRQHandler)
    TIM4_Init                                0x08002d1d   Thumb Code   106  timer4.o(i.TIM4_Init)
    TIM_ClearITPendingBit                    0x08002d8d   Thumb Code     6  stm32f10x_tim.o(i.TIM_ClearITPendingBit)
    TIM_Cmd                                  0x08002d93   Thumb Code    24  stm32f10x_tim.o(i.TIM_Cmd)
    TIM_DeInit                               0x08002dad   Thumb Code   424  stm32f10x_tim.o(i.TIM_DeInit)
    TIM_GetITStatus                          0x08002f95   Thumb Code    34  stm32f10x_tim.o(i.TIM_GetITStatus)
    TIM_ITConfig                             0x08002fb7   Thumb Code    18  stm32f10x_tim.o(i.TIM_ITConfig)
    TIM_SetCounter                           0x08002fc9   Thumb Code     4  stm32f10x_tim.o(i.TIM_SetCounter)
    TIM_TimeBaseInit                         0x08002fcd   Thumb Code   122  stm32f10x_tim.o(i.TIM_TimeBaseInit)
    TxDataBuf_Deal                           0x08003071   Thumb Code    86  mqtt.o(i.TxDataBuf_Deal)
    USART2_IRQHandler                        0x080030d5   Thumb Code   104  stm32f10x_it.o(i.USART2_IRQHandler)
    USART_ClearFlag                          0x08003151   Thumb Code    18  stm32f10x_usart.o(i.USART_ClearFlag)
    USART_Cmd                                0x08003163   Thumb Code    24  stm32f10x_usart.o(i.USART_Cmd)
    USART_DeInit                             0x0800317d   Thumb Code   134  stm32f10x_usart.o(i.USART_DeInit)
    USART_GetITStatus                        0x08003219   Thumb Code    84  stm32f10x_usart.o(i.USART_GetITStatus)
    USART_ITConfig                           0x0800326d   Thumb Code    74  stm32f10x_usart.o(i.USART_ITConfig)
    USART_Init                               0x080032b9   Thumb Code   210  stm32f10x_usart.o(i.USART_Init)
    UsageFault_Handler                       0x08003391   Thumb Code     2  stm32f10x_it.o(i.UsageFault_Handler)
    Usart1_Init                              0x08003395   Thumb Code   118  usart1.o(i.Usart1_Init)
    Usart2_Init                              0x08003415   Thumb Code   176  usart2.o(i.Usart2_Init)
    WiFi_Connect_IoTServer                   0x080034cd   Thumb Code   232  wifi.o(i.WiFi_Connect_IoTServer)
    WiFi_Connect_Server                      0x080037bd   Thumb Code   190  wifi.o(i.WiFi_Connect_Server)
    WiFi_JoinAP                              0x08003911   Thumb Code    88  wifi.o(i.WiFi_JoinAP)
    WiFi_Reset                               0x080039b5   Thumb Code    88  wifi.o(i.WiFi_Reset)
    WiFi_ResetIO_Init                        0x08003a25   Thumb Code    48  wifi.o(i.WiFi_ResetIO_Init)
    WiFi_SendCmd                             0x08003a59   Thumb Code    86  wifi.o(i.WiFi_SendCmd)
    __ARM_fpclassify                         0x08003acd   Thumb Code    40  fpclassify.o(i.__ARM_fpclassify)
    _is_digit                                0x08003af5   Thumb Code    14  __printf_wp.o(i._is_digit)
    _sys_exit                                0x08003b03   Thumb Code     4  usart1.o(i._sys_exit)
    main                                     0x08003b09   Thumb Code   828  main.o(i.main)
    u1_printf                                0x08004095   Thumb Code    84  usart1.o(i.u1_printf)
    u2_TxData                                0x080040f1   Thumb Code    58  usart2.o(i.u2_TxData)
    u2_printf                                0x08004131   Thumb Code    84  usart2.o(i.u2_printf)
    _get_lc_numeric                          0x0800418d   Thumb Code    44  lc_numeric_c.o(locale$$code)
    _get_lc_ctype                            0x080041b9   Thumb Code    44  lc_ctype_c.o(locale$$code)
    _printf_fp_dec                           0x080041e5   Thumb Code     4  printf1.o(x$fpl$printf1)
    __I$use$fp                               0x080041e8   Number         0  usenofp.o(x$fpl$usenofp)
    Region$$Table$$Base                      0x080042e0   Number         0  anon$$obj.o(Region$$Table)
    Region$$Table$$Limit                     0x08004300   Number         0  anon$$obj.o(Region$$Table)
    __ctype                                  0x08004329   Data           0  lc_ctype_c.o(locale$$data)
    cmdLED_On                                0x20000000   Data           4  main.o(.data)
    cmdLED_Off                               0x20000004   Data           4  main.o(.data)
    cmdDHT11_On                              0x20000008   Data           4  main.o(.data)
    cmdDHT11_Off                             0x2000000c   Data           4  main.o(.data)
    ledFlag                                  0x20000010   Data           4  main.o(.data)
    dhtFlag                                  0x20000014   Data           4  main.o(.data)
    Usart2_RxCompleted                       0x2000001c   Data           1  usart2.o(.data)
    Usart2_RxCounter                         0x20000020   Data           4  usart2.o(.data)
    wifi_mode                                0x20000024   Data           1  wifi.o(.data)
    MQTT_RxDataInPtr                         0x20000028   Data           4  mqtt.o(.data)
    MQTT_RxDataOutPtr                        0x2000002c   Data           4  mqtt.o(.data)
    MQTT_RxDataEndPtr                        0x20000030   Data           4  mqtt.o(.data)
    MQTT_TxDataInPtr                         0x20000034   Data           4  mqtt.o(.data)
    MQTT_TxDataOutPtr                        0x20000038   Data           4  mqtt.o(.data)
    MQTT_TxDataEndPtr                        0x2000003c   Data           4  mqtt.o(.data)
    MQTT_CMDInPtr                            0x20000040   Data           4  mqtt.o(.data)
    MQTT_CMDOutPtr                           0x20000044   Data           4  mqtt.o(.data)
    MQTT_CMDEndPtr                           0x20000048   Data           4  mqtt.o(.data)
    ClientID_len                             0x2000004c   Data           4  mqtt.o(.data)
    Username_len                             0x20000050   Data           4  mqtt.o(.data)
    Passward_len                             0x20000054   Data           4  mqtt.o(.data)
    ServerPort                               0x20000058   Data           4  mqtt.o(.data)
    Fixed_len                                0x2000005c   Data           4  mqtt.o(.data)
    Variable_len                             0x20000060   Data           4  mqtt.o(.data)
    Payload_len                              0x20000064   Data           4  mqtt.o(.data)
    pingFlag                                 0x20000068   Data           1  mqtt.o(.data)
    connectFlag                              0x20000069   Data           1  mqtt.o(.data)
    connectPackFlag                          0x2000006a   Data           1  mqtt.o(.data)
    subcribePackFlag                         0x2000006b   Data           1  mqtt.o(.data)
    SystemCoreClock                          0x2000006c   Data           4  system_stm32f10x.o(.data)
    AHBPrescTable                            0x20000070   Data          16  system_stm32f10x.o(.data)
    Usart1_TxBuff                            0x20000098   Data         256  usart1.o(.bss)
    Usart2_RxBuff                            0x20000198   Data        1024  usart2.o(.bss)
    USART2_TxBuff                            0x20000598   Data        1024  usart2.o(.bss)
    MQTT_RxDataBuf                           0x20000998   Data        1500  mqtt.o(.bss)
    MQTT_TxDataBuf                           0x20000f74   Data        1500  mqtt.o(.bss)
    MQTT_CMDBuf                              0x20001550   Data        1500  mqtt.o(.bss)
    ClientID                                 0x20001b2c   Data         128  mqtt.o(.bss)
    Username                                 0x20001bac   Data         128  mqtt.o(.bss)
    Passward                                 0x20001c2c   Data         128  mqtt.o(.bss)
    ServerIP                                 0x20001cac   Data         128  mqtt.o(.bss)
    temp_buff                                0x20001d2c   Data         300  mqtt.o(.bss)
    __libspace_start                         0x20001e58   Data          96  libspace.o(.bss)
    __temporary_stack_top$libspace           0x20001eb8   Data           0  libspace.o(.bss)



==============================================================================

Memory Map of the image

  Image Entry point : 0x08000279

  Load Region LR_1 (Base: 0x08000000, Size: 0x000044c0, Max: 0xffffffff, ABSOLUTE)

    Execution Region ER_RO (Base: 0x08000000, Size: 0x0000442c, Max: 0xffffffff, ABSOLUTE)

    Base Addr    Size         Type   Attr      Idx    E Section Name        Object

    0x08000000   0x00000130   Data   RO          660    RESET               startup_stm32f10x_hd.o
    0x08000130   0x00000008   Code   RO         1825  * !!!main             c_w.l(__main.o)
    0x08000138   0x00000034   Code   RO         2107    !!!scatter          c_w.l(__scatter.o)
    0x0800016c   0x0000001a   Code   RO         2109    !!handler_copy      c_w.l(__scatter_copy.o)
    0x08000186   0x00000002   PAD
    0x08000188   0x0000001c   Code   RO         2111    !!handler_zi        c_w.l(__scatter_zi.o)
    0x080001a4   0x00000000   Code   RO         1810    .ARM.Collect$$_printf_percent$$00000000  c_w.l(_printf_percent.o)
    0x080001a4   0x00000006   Code   RO         1876    .ARM.Collect$$_printf_percent$$00000001  c_w.l(_printf_n.o)
    0x080001aa   0x00000006   Code   RO         1878    .ARM.Collect$$_printf_percent$$00000002  c_w.l(_printf_p.o)
    0x080001b0   0x00000006   Code   RO         1882    .ARM.Collect$$_printf_percent$$00000003  c_w.l(_printf_f.o)
    0x080001b6   0x00000006   Code   RO         1883    .ARM.Collect$$_printf_percent$$00000004  c_w.l(_printf_e.o)
    0x080001bc   0x00000006   Code   RO         1884    .ARM.Collect$$_printf_percent$$00000005  c_w.l(_printf_g.o)
    0x080001c2   0x00000006   Code   RO         1885    .ARM.Collect$$_printf_percent$$00000006  c_w.l(_printf_a.o)
    0x080001c8   0x0000000a   Code   RO         1890    .ARM.Collect$$_printf_percent$$00000007  c_w.l(_printf_ll.o)
    0x080001d2   0x00000006   Code   RO         1880    .ARM.Collect$$_printf_percent$$00000008  c_w.l(_printf_i.o)
    0x080001d8   0x00000006   Code   RO         1809    .ARM.Collect$$_printf_percent$$00000009  c_w.l(_printf_d.o)
    0x080001de   0x00000006   Code   RO         1881    .ARM.Collect$$_printf_percent$$0000000A  c_w.l(_printf_u.o)
    0x080001e4   0x00000006   Code   RO         1879    .ARM.Collect$$_printf_percent$$0000000B  c_w.l(_printf_o.o)
    0x080001ea   0x00000006   Code   RO         1877    .ARM.Collect$$_printf_percent$$0000000C  c_w.l(_printf_x.o)
    0x080001f0   0x00000006   Code   RO         1887    .ARM.Collect$$_printf_percent$$0000000D  c_w.l(_printf_lli.o)
    0x080001f6   0x00000006   Code   RO         1888    .ARM.Collect$$_printf_percent$$0000000E  c_w.l(_printf_lld.o)
    0x080001fc   0x00000006   Code   RO         1889    .ARM.Collect$$_printf_percent$$0000000F  c_w.l(_printf_llu.o)
    0x08000202   0x00000006   Code   RO         1894    .ARM.Collect$$_printf_percent$$00000010  c_w.l(_printf_llo.o)
    0x08000208   0x00000006   Code   RO         1895    .ARM.Collect$$_printf_percent$$00000011  c_w.l(_printf_llx.o)
    0x0800020e   0x0000000a   Code   RO         1891    .ARM.Collect$$_printf_percent$$00000012  c_w.l(_printf_l.o)
    0x08000218   0x00000006   Code   RO         1807    .ARM.Collect$$_printf_percent$$00000013  c_w.l(_printf_c.o)
    0x0800021e   0x00000006   Code   RO         1808    .ARM.Collect$$_printf_percent$$00000014  c_w.l(_printf_s.o)
    0x08000224   0x00000006   Code   RO         1892    .ARM.Collect$$_printf_percent$$00000015  c_w.l(_printf_lc.o)
    0x0800022a   0x00000006   Code   RO         1893    .ARM.Collect$$_printf_percent$$00000016  c_w.l(_printf_ls.o)
    0x08000230   0x00000004   Code   RO         1886    .ARM.Collect$$_printf_percent$$00000017  c_w.l(_printf_percent_end.o)
    0x08000234   0x00000002   Code   RO         1971    .ARM.Collect$$libinit$$00000000  c_w.l(libinit.o)
    0x08000236   0x00000000   Code   RO         1988    .ARM.Collect$$libinit$$00000002  c_w.l(libinit2.o)
    0x08000236   0x00000000   Code   RO         1990    .ARM.Collect$$libinit$$00000004  c_w.l(libinit2.o)
    0x08000236   0x00000000   Code   RO         1993    .ARM.Collect$$libinit$$0000000A  c_w.l(libinit2.o)
    0x08000236   0x00000000   Code   RO         1995    .ARM.Collect$$libinit$$0000000C  c_w.l(libinit2.o)
    0x08000236   0x00000000   Code   RO         1997    .ARM.Collect$$libinit$$0000000E  c_w.l(libinit2.o)
    0x08000236   0x00000006   Code   RO         1998    .ARM.Collect$$libinit$$0000000F  c_w.l(libinit2.o)
    0x0800023c   0x00000000   Code   RO         2000    .ARM.Collect$$libinit$$00000011  c_w.l(libinit2.o)
    0x0800023c   0x0000000c   Code   RO         2001    .ARM.Collect$$libinit$$00000012  c_w.l(libinit2.o)
    0x08000248   0x00000000   Code   RO         2002    .ARM.Collect$$libinit$$00000013  c_w.l(libinit2.o)
    0x08000248   0x00000000   Code   RO         2004    .ARM.Collect$$libinit$$00000015  c_w.l(libinit2.o)
    0x08000248   0x0000000a   Code   RO         2005    .ARM.Collect$$libinit$$00000016  c_w.l(libinit2.o)
    0x08000252   0x00000000   Code   RO         2006    .ARM.Collect$$libinit$$00000017  c_w.l(libinit2.o)
    0x08000252   0x00000000   Code   RO         2008    .ARM.Collect$$libinit$$00000019  c_w.l(libinit2.o)
    0x08000252   0x00000000   Code   RO         2010    .ARM.Collect$$libinit$$0000001B  c_w.l(libinit2.o)
    0x08000252   0x00000000   Code   RO         2012    .ARM.Collect$$libinit$$0000001D  c_w.l(libinit2.o)
    0x08000252   0x00000000   Code   RO         2014    .ARM.Collect$$libinit$$0000001F  c_w.l(libinit2.o)
    0x08000252   0x00000000   Code   RO         2016    .ARM.Collect$$libinit$$00000021  c_w.l(libinit2.o)
    0x08000252   0x00000000   Code   RO         2018    .ARM.Collect$$libinit$$00000023  c_w.l(libinit2.o)
    0x08000252   0x00000000   Code   RO         2020    .ARM.Collect$$libinit$$00000025  c_w.l(libinit2.o)
    0x08000252   0x00000000   Code   RO         2024    .ARM.Collect$$libinit$$0000002C  c_w.l(libinit2.o)
    0x08000252   0x00000000   Code   RO         2026    .ARM.Collect$$libinit$$0000002E  c_w.l(libinit2.o)
    0x08000252   0x00000000   Code   RO         2028    .ARM.Collect$$libinit$$00000030  c_w.l(libinit2.o)
    0x08000252   0x00000000   Code   RO         2030    .ARM.Collect$$libinit$$00000032  c_w.l(libinit2.o)
    0x08000252   0x00000002   Code   RO         2031    .ARM.Collect$$libinit$$00000033  c_w.l(libinit2.o)
    0x08000254   0x00000002   Code   RO         2049    .ARM.Collect$$libshutdown$$00000000  c_w.l(libshutdown.o)
    0x08000256   0x00000000   Code   RO         2059    .ARM.Collect$$libshutdown$$00000002  c_w.l(libshutdown2.o)
    0x08000256   0x00000000   Code   RO         2061    .ARM.Collect$$libshutdown$$00000004  c_w.l(libshutdown2.o)
    0x08000256   0x00000000   Code   RO         2064    .ARM.Collect$$libshutdown$$00000007  c_w.l(libshutdown2.o)
    0x08000256   0x00000000   Code   RO         2067    .ARM.Collect$$libshutdown$$0000000A  c_w.l(libshutdown2.o)
    0x08000256   0x00000000   Code   RO         2069    .ARM.Collect$$libshutdown$$0000000C  c_w.l(libshutdown2.o)
    0x08000256   0x00000000   Code   RO         2072    .ARM.Collect$$libshutdown$$0000000F  c_w.l(libshutdown2.o)
    0x08000256   0x00000002   Code   RO         2073    .ARM.Collect$$libshutdown$$00000010  c_w.l(libshutdown2.o)
    0x08000258   0x00000000   Code   RO         1829    .ARM.Collect$$rtentry$$00000000  c_w.l(__rtentry.o)
    0x08000258   0x00000000   Code   RO         1901    .ARM.Collect$$rtentry$$00000002  c_w.l(__rtentry2.o)
    0x08000258   0x00000006   Code   RO         1913    .ARM.Collect$$rtentry$$00000004  c_w.l(__rtentry4.o)
    0x0800025e   0x00000000   Code   RO         1903    .ARM.Collect$$rtentry$$00000009  c_w.l(__rtentry2.o)
    0x0800025e   0x00000004   Code   RO         1904    .ARM.Collect$$rtentry$$0000000A  c_w.l(__rtentry2.o)
    0x08000262   0x00000000   Code   RO         1906    .ARM.Collect$$rtentry$$0000000C  c_w.l(__rtentry2.o)
    0x08000262   0x00000008   Code   RO         1907    .ARM.Collect$$rtentry$$0000000D  c_w.l(__rtentry2.o)
    0x0800026a   0x00000002   Code   RO         1980    .ARM.Collect$$rtexit$$00000000  c_w.l(rtexit.o)
    0x0800026c   0x00000000   Code   RO         2033    .ARM.Collect$$rtexit$$00000002  c_w.l(rtexit2.o)
    0x0800026c   0x00000004   Code   RO         2034    .ARM.Collect$$rtexit$$00000003  c_w.l(rtexit2.o)
    0x08000270   0x00000006   Code   RO         2035    .ARM.Collect$$rtexit$$00000004  c_w.l(rtexit2.o)
    0x08000276   0x00000002   PAD
    0x08000278   0x00000040   Code   RO          661  * .text               startup_stm32f10x_hd.o
    0x080002b8   0x00000002   Code   RO         1773    .text               c_w.l(use_no_semi_2.o)
    0x080002ba   0x00000002   PAD
    0x080002bc   0x00000024   Code   RO         1775    .text               c_w.l(c89vsprintf.o)
    0x080002e0   0x0000002c   Code   RO         1777    .text               c_w.l(__2sprintf.o)
    0x0800030c   0x00000052   Code   RO         1783    .text               c_w.l(_printf_str.o)
    0x0800035e   0x00000002   PAD
    0x08000360   0x00000078   Code   RO         1785    .text               c_w.l(_printf_dec.o)
    0x080003d8   0x00000188   Code   RO         1804    .text               c_w.l(__printf_flags_ss_wp.o)
    0x08000560   0x00000024   Code   RO         1811    .text               c_w.l(strstr.o)
    0x08000584   0x00000058   Code   RO         1813    .text               c_w.l(memcmp.o)
    0x080005dc   0x0000003e   Code   RO         1815    .text               c_w.l(strlen.o)
    0x0800061a   0x0000008a   Code   RO         1817    .text               c_w.l(rt_memcpy_v6.o)
    0x080006a4   0x00000044   Code   RO         1819    .text               c_w.l(rt_memclr.o)
    0x080006e8   0x0000004e   Code   RO         1821    .text               c_w.l(rt_memclr_w.o)
    0x08000736   0x00000006   Code   RO         1823    .text               c_w.l(heapauxi.o)
    0x0800073c   0x00000002   Code   RO         1827    .text               c_w.l(use_no_semi.o)
    0x0800073e   0x0000004e   Code   RO         1830    .text               c_w.l(_printf_pad.o)
    0x0800078c   0x00000024   Code   RO         1832    .text               c_w.l(_printf_truncate.o)
    0x080007b0   0x000000b2   Code   RO         1834    .text               c_w.l(_printf_intcommon.o)
    0x08000862   0x00000028   Code   RO         1836    .text               c_w.l(_printf_charcount.o)
    0x0800088a   0x00000002   PAD
    0x0800088c   0x00000030   Code   RO         1838    .text               c_w.l(_printf_char_common.o)
    0x080008bc   0x0000000a   Code   RO         1840    .text               c_w.l(_sputc.o)
    0x080008c6   0x0000002c   Code   RO         1842    .text               c_w.l(_printf_char.o)
    0x080008f2   0x00000002   PAD
    0x080008f4   0x000000bc   Code   RO         1844    .text               c_w.l(_printf_wctomb.o)
    0x080009b0   0x0000007c   Code   RO         1847    .text               c_w.l(_printf_longlong_dec.o)
    0x08000a2c   0x00000070   Code   RO         1853    .text               c_w.l(_printf_oct_int_ll.o)
    0x08000a9c   0x00000094   Code   RO         1873    .text               c_w.l(_printf_hex_int_ll_ptr.o)
    0x08000b30   0x00000064   Code   RO         1896    .text               c_w.l(rt_memcpy_w.o)
    0x08000b94   0x0000008a   Code   RO         1915    .text               c_w.l(lludiv10.o)
    0x08000c1e   0x0000041a   Code   RO         1917    .text               c_w.l(_printf_fp_dec.o)
    0x08001038   0x0000002c   Code   RO         1921    .text               c_w.l(_printf_wchar.o)
    0x08001064   0x00000040   Code   RO         1923    .text               c_w.l(_wcrtomb.o)
    0x080010a4   0x0000004a   Code   RO         1925    .text               c_w.l(sys_stackheap_outer.o)
    0x080010ee   0x00000002   PAD
    0x080010f0   0x00000010   Code   RO         1927    .text               c_w.l(rt_ctype_table.o)
    0x08001100   0x00000008   Code   RO         1932    .text               c_w.l(rt_locale_intlibspace.o)
    0x08001108   0x00000080   Code   RO         1934    .text               c_w.l(_printf_fp_infnan.o)
    0x08001188   0x000000dc   Code   RO         1936    .text               c_w.l(bigflt0.o)
    0x08001264   0x00000012   Code   RO         1964    .text               c_w.l(exit.o)
    0x08001276   0x00000002   PAD
    0x08001278   0x00000008   Code   RO         1977    .text               c_w.l(libspace.o)
    0x08001280   0x00000080   Code   RO         1985    .text               c_w.l(strcmpv7m.o)
    0x08001300   0x0000003e   Code   RO         1939    CL$$btod_d2e        c_w.l(btod.o)
    0x0800133e   0x00000046   Code   RO         1941    CL$$btod_d2e_denorm_low  c_w.l(btod.o)
    0x08001384   0x00000060   Code   RO         1940    CL$$btod_d2e_norm_op1  c_w.l(btod.o)
    0x080013e4   0x00000338   Code   RO         1949    CL$$btod_div_common  c_w.l(btod.o)
    0x0800171c   0x000000c6   Code   RO         1946    CL$$btod_e2e        c_w.l(btod.o)
    0x080017e2   0x00000028   Code   RO         1943    CL$$btod_ediv       c_w.l(btod.o)
    0x0800180a   0x00000028   Code   RO         1942    CL$$btod_emul       c_w.l(btod.o)
    0x08001832   0x00000244   Code   RO         1948    CL$$btod_mult_common  c_w.l(btod.o)
    0x08001a76   0x00000002   Code   RO          155    i.BusFault_Handler  stm32f10x_it.o
    0x08001a78   0x0000006c   Code   RO          450    i.CMDBuf_Deal       mqtt.o
    0x08001ae4   0x0000006c   Code   RO          528    i.DHT11_Check       dht11.o
    0x08001b50   0x00000034   Code   RO          529    i.DHT11_Init        dht11.o
    0x08001b84   0x00000058   Code   RO          530    i.DHT11_Read_Bit    dht11.o
    0x08001bdc   0x0000001e   Code   RO          531    i.DHT11_Read_Byte   dht11.o
    0x08001bfa   0x0000005c   Code   RO          532    i.DHT11_Read_Data   dht11.o
    0x08001c56   0x00000002   PAD
    0x08001c58   0x00000040   Code   RO          533    i.DHT11_Rst         dht11.o
    0x08001c98   0x00000002   Code   RO          156    i.DebugMon_Handler  stm32f10x_it.o
    0x08001c9a   0x00000002   PAD
    0x08001c9c   0x0000004c   Code   RO          246    i.DelayMs           delay.o
    0x08001ce8   0x0000004c   Code   RO          247    i.DelayUs           delay.o
    0x08001d34   0x00000044   Code   RO          248    i.Delay_Init        delay.o
    0x08001d78   0x00000116   Code   RO         1635    i.GPIO_Init         stm32f10x_gpio.o
    0x08001e8e   0x00000012   Code   RO         1639    i.GPIO_ReadInputDataBit  stm32f10x_gpio.o
    0x08001ea0   0x00000004   Code   RO         1642    i.GPIO_ResetBits    stm32f10x_gpio.o
    0x08001ea4   0x00000004   Code   RO         1643    i.GPIO_SetBits      stm32f10x_gpio.o
    0x08001ea8   0x0000000a   Code   RO         1646    i.GPIO_WriteBit     stm32f10x_gpio.o
    0x08001eb2   0x00000002   Code   RO          157    i.HardFault_Handler  stm32f10x_it.o
    0x08001eb4   0x0000012c   Code   RO          451    i.IoT_Parameter_Init  mqtt.o
    0x08001fe0   0x00000034   Code   RO          589    i.LED_Init          led.o
    0x08002014   0x00000010   Code   RO          590    i.LED_Off           led.o
    0x08002024   0x00000010   Code   RO          591    i.LED_On            led.o
    0x08002034   0x000000b0   Code   RO          452    i.MQTT_Buff_Init    mqtt.o
    0x080020e4   0x00000218   Code   RO          453    i.MQTT_ConectPack   mqtt.o
    0x080022fc   0x00000108   Code   RO          454    i.MQTT_DealPushdata_Qs0  mqtt.o
    0x08002404   0x0000001c   Code   RO          455    i.MQTT_PingREQ      mqtt.o
    0x08002420   0x000000ec   Code   RO          456    i.MQTT_PublishQs0   mqtt.o
    0x0800250c   0x00000098   Code   RO          457    i.MQTT_Subscribe    mqtt.o
    0x080025a4   0x00000002   Code   RO          158    i.MemManage_Handler  stm32f10x_it.o
    0x080025a6   0x00000002   Code   RO          159    i.NMI_Handler       stm32f10x_it.o
    0x080025a8   0x00000070   Code   RO          665    i.NVIC_Init         misc.o
    0x08002618   0x00000014   Code   RO          666    i.NVIC_PriorityGroupConfig  misc.o
    0x0800262c   0x00000002   Code   RO          160    i.PendSV_Handler    stm32f10x_it.o
    0x0800262e   0x00000002   PAD
    0x08002630   0x00000020   Code   RO          703    i.RCC_APB1PeriphClockCmd  stm32f10x_rcc.o
    0x08002650   0x00000020   Code   RO          704    i.RCC_APB1PeriphResetCmd  stm32f10x_rcc.o
    0x08002670   0x00000020   Code   RO          705    i.RCC_APB2PeriphClockCmd  stm32f10x_rcc.o
    0x08002690   0x00000020   Code   RO          706    i.RCC_APB2PeriphResetCmd  stm32f10x_rcc.o
    0x080026b0   0x000000d4   Code   RO          713    i.RCC_GetClocksFreq  stm32f10x_rcc.o
    0x08002784   0x00000002   Code   RO          161    i.SVC_Handler       stm32f10x_it.o
    0x08002786   0x00000002   PAD
    0x08002788   0x000000a8   Code   RO          570    i.Send_Data         control.o
    0x08002830   0x00000008   Code   RO          624    i.SetSysClock       system_stm32f10x.o
    0x08002838   0x000000e0   Code   RO          625    i.SetSysClockTo72   system_stm32f10x.o
    0x08002918   0x00000028   Code   RO          669    i.SysTick_CLKSourceConfig  misc.o
    0x08002940   0x00000002   Code   RO          162    i.SysTick_Handler   stm32f10x_it.o
    0x08002942   0x00000002   PAD
    0x08002944   0x00000060   Code   RO          627    i.SystemInit        system_stm32f10x.o
    0x080029a4   0x00000076   Code   RO          348    i.TIM2_ENABLE_10S   timer2.o
    0x08002a1a   0x00000002   PAD
    0x08002a1c   0x0000010c   Code   RO          163    i.TIM2_IRQHandler   stm32f10x_it.o
    0x08002b28   0x00000078   Code   RO          360    i.TIM3_ENABLE_2S    timer3.o
    0x08002ba0   0x00000078   Code   RO          361    i.TIM3_ENABLE_30S   timer3.o
    0x08002c18   0x0000006c   Code   RO          164    i.TIM3_IRQHandler   stm32f10x_it.o
    0x08002c84   0x00000098   Code   RO          165    i.TIM4_IRQHandler   stm32f10x_it.o
    0x08002d1c   0x00000070   Code   RO          378    i.TIM4_Init         timer4.o
    0x08002d8c   0x00000006   Code   RO          912    i.TIM_ClearITPendingBit  stm32f10x_tim.o
    0x08002d92   0x00000018   Code   RO          917    i.TIM_Cmd           stm32f10x_tim.o
    0x08002daa   0x00000002   PAD
    0x08002dac   0x000001e8   Code   RO          922    i.TIM_DeInit        stm32f10x_tim.o
    0x08002f94   0x00000022   Code   RO          938    i.TIM_GetITStatus   stm32f10x_tim.o
    0x08002fb6   0x00000012   Code   RO          942    i.TIM_ITConfig      stm32f10x_tim.o
    0x08002fc8   0x00000004   Code   RO          982    i.TIM_SetCounter    stm32f10x_tim.o
    0x08002fcc   0x000000a4   Code   RO          988    i.TIM_TimeBaseInit  stm32f10x_tim.o
    0x08003070   0x00000064   Code   RO          458    i.TxDataBuf_Deal    mqtt.o
    0x080030d4   0x0000007c   Code   RO          166    i.USART2_IRQHandler  stm32f10x_it.o
    0x08003150   0x00000012   Code   RO         1449    i.USART_ClearFlag   stm32f10x_usart.o
    0x08003162   0x00000018   Code   RO         1453    i.USART_Cmd         stm32f10x_usart.o
    0x0800317a   0x00000002   PAD
    0x0800317c   0x0000009c   Code   RO         1455    i.USART_DeInit      stm32f10x_usart.o
    0x08003218   0x00000054   Code   RO         1457    i.USART_GetITStatus  stm32f10x_usart.o
    0x0800326c   0x0000004a   Code   RO         1459    i.USART_ITConfig    stm32f10x_usart.o
    0x080032b6   0x00000002   PAD
    0x080032b8   0x000000d8   Code   RO         1460    i.USART_Init        stm32f10x_usart.o
    0x08003390   0x00000002   Code   RO          167    i.UsageFault_Handler  stm32f10x_it.o
    0x08003392   0x00000002   PAD
    0x08003394   0x00000080   Code   RO          272    i.Usart1_Init       usart1.o
    0x08003414   0x000000b8   Code   RO          313    i.Usart2_Init       usart2.o
    0x080034cc   0x000002f0   Code   RO          393    i.WiFi_Connect_IoTServer  wifi.o
    0x080037bc   0x00000154   Code   RO          394    i.WiFi_Connect_Server  wifi.o
    0x08003910   0x000000a4   Code   RO          395    i.WiFi_JoinAP       wifi.o
    0x080039b4   0x00000070   Code   RO          396    i.WiFi_Reset        wifi.o
    0x08003a24   0x00000034   Code   RO          397    i.WiFi_ResetIO_Init  wifi.o
    0x08003a58   0x00000074   Code   RO          398    i.WiFi_SendCmd      wifi.o
    0x08003acc   0x00000028   Code   RO         1975    i.__ARM_fpclassify  m_ws.l(fpclassify.o)
    0x08003af4   0x0000000e   Code   RO         1797    i._is_digit         c_w.l(__printf_wp.o)
    0x08003b02   0x00000004   Code   RO          273    i._sys_exit         usart1.o
    0x08003b06   0x00000002   PAD
    0x08003b08   0x0000058c   Code   RO            1    i.main              main.o
    0x08004094   0x0000005c   Code   RO          275    i.u1_printf         usart1.o
    0x080040f0   0x00000040   Code   RO          314    i.u2_TxData         usart2.o
    0x08004130   0x0000005c   Code   RO          315    i.u2_printf         usart2.o
    0x0800418c   0x0000002c   Code   RO         1962    locale$$code        c_w.l(lc_numeric_c.o)
    0x080041b8   0x0000002c   Code   RO         1983    locale$$code        c_w.l(lc_ctype_c.o)
    0x080041e4   0x00000004   Code   RO         1898    x$fpl$printf1       fz_ws.l(printf1.o)
    0x080041e8   0x00000000   Code   RO         1974    x$fpl$usenofp       fz_ws.l(usenofp.o)
    0x080041e8   0x00000011   Data   RO         1805    .constdata          c_w.l(__printf_flags_ss_wp.o)
    0x080041f9   0x00000003   PAD
    0x080041fc   0x00000008   Data   RO         1845    .constdata          c_w.l(_printf_wctomb.o)
    0x08004204   0x00000028   Data   RO         1874    .constdata          c_w.l(_printf_hex_int_ll_ptr.o)
    0x0800422c   0x00000094   Data   RO         1937    .constdata          c_w.l(bigflt0.o)
    0x080042c0   0x0000001e   Data   RO            2    .conststring        main.o
    0x080042de   0x00000002   PAD
    0x080042e0   0x00000020   Data   RO         2105    Region$$Table       anon$$obj.o
    0x08004300   0x0000001c   Data   RO         1961    locale$$data        c_w.l(lc_numeric_c.o)
    0x0800431c   0x00000110   Data   RO         1982    locale$$data        c_w.l(lc_ctype_c.o)


    Execution Region ER_RW (Base: 0x20000000, Size: 0x00000094, Max: 0xffffffff, ABSOLUTE)

    Base Addr    Size         Type   Attr      Idx    E Section Name        Object

    0x20000000   0x00000018   Data   RW            3    .data               main.o
    0x20000018   0x00000004   Data   RW          249    .data               delay.o
    0x2000001c   0x00000008   Data   RW          317    .data               usart2.o
    0x20000024   0x00000001   Data   RW          401    .data               wifi.o
    0x20000025   0x00000003   PAD
    0x20000028   0x00000044   Data   RW          460    .data               mqtt.o
    0x2000006c   0x00000014   Data   RW          628    .data               system_stm32f10x.o
    0x20000080   0x00000014   Data   RW          733    .data               stm32f10x_rcc.o


    Execution Region ER_ZI (Base: 0x20000094, Size: 0x00002424, Max: 0xffffffff, ABSOLUTE)

    Base Addr    Size         Type   Attr      Idx    E Section Name        Object

    0x20000094   0x00000004   PAD
    0x20000098   0x00000100   Zero   RW          276    .bss                usart1.o
    0x20000198   0x00000800   Zero   RW          316    .bss                usart2.o
    0x20000998   0x000014c0   Zero   RW          459    .bss                mqtt.o
    0x20001e58   0x00000060   Zero   RW         1978    .bss                c_w.l(libspace.o)
    0x20001eb8   0x00000200   Zero   RW          659    HEAP                startup_stm32f10x_hd.o
    0x200020b8   0x00000400   Zero   RW          658    STACK               startup_stm32f10x_hd.o


==============================================================================

Image component sizes


      Code (inc. data)   RO Data    RW Data    ZI Data      Debug   Object Name

       168         50          0          0          0        612   control.o
         0          0          0          0          0         32   core_cm3.o
       220         26          0          4          0       1641   delay.o
       434         22          0          0          0       3396   dht11.o
        84         14          0          0          0       1314   led.o
      1420        598         30         24          0     253903   main.o
       172         22          0          0          0       1905   misc.o
      1900        372          0         68       5312       7504   mqtt.o
        64         26        304          0       1536        788   startup_stm32f10x_hd.o
       314          0          0          0          0       4008   stm32f10x_gpio.o
       670        142          0          0          0       6096   stm32f10x_it.o
       340         44          0         20          0       5340   stm32f10x_rcc.o
       738        106          0          0          0       4580   stm32f10x_tim.o
       572         28          0          0          0       5347   stm32f10x_usart.o
       328         28          0         20          0       2085   system_stm32f10x.o
       118          0          0          0          0        566   timer2.o
       240         10          0          0          0       1127   timer3.o
       112          6          0          0          0        664   timer4.o
       224         18          0          0        256       4090   usart1.o
       340         22          0          8       2048       2616   usart2.o
      1536        804          0          1          0       3949   wifi.o

    ----------------------------------------------------------------------
     10016       2338        368        148       9156     311563   Object Totals
         0          0         32          0          0          0   (incl. Generated)
        22          0          2          3          4          0   (incl. Padding)

    ----------------------------------------------------------------------

      Code (inc. data)   RO Data    RW Data    ZI Data      Debug   Library Member Name

        44          6          0          0          0         84   __2sprintf.o
         8          0          0          0          0         68   __main.o
       392          4         17          0          0         92   __printf_flags_ss_wp.o
        14          0          0          0          0         68   __printf_wp.o
         0          0          0          0          0          0   __rtentry.o
        12          0          0          0          0          0   __rtentry2.o
         6          0          0          0          0          0   __rtentry4.o
        52          8          0          0          0          0   __scatter.o
        26          0          0          0          0          0   __scatter_copy.o
        28          0          0          0          0          0   __scatter_zi.o
         6          0          0          0          0          0   _printf_a.o
         6          0          0          0          0          0   _printf_c.o
        44          0          0          0          0        108   _printf_char.o
        48          6          0          0          0         96   _printf_char_common.o
        40          0          0          0          0         68   _printf_charcount.o
         6          0          0          0          0          0   _printf_d.o
       120         16          0          0          0         92   _printf_dec.o
         6          0          0          0          0          0   _printf_e.o
         6          0          0          0          0          0   _printf_f.o
      1050          0          0          0          0        216   _printf_fp_dec.o
       128         16          0          0          0         84   _printf_fp_infnan.o
         6          0          0          0          0          0   _printf_g.o
       148          4         40          0          0        160   _printf_hex_int_ll_ptr.o
         6          0          0          0          0          0   _printf_i.o
       178          0          0          0          0         88   _printf_intcommon.o
        10          0          0          0          0          0   _printf_l.o
         6          0          0          0          0          0   _printf_lc.o
        10          0          0          0          0          0   _printf_ll.o
         6          0          0          0          0          0   _printf_lld.o
         6          0          0          0          0          0   _printf_lli.o
         6          0          0          0          0          0   _printf_llo.o
         6          0          0          0          0          0   _printf_llu.o
         6          0          0          0          0          0   _printf_llx.o
       124         16          0          0          0         92   _printf_longlong_dec.o
         6          0          0          0          0          0   _printf_ls.o
         6          0          0          0          0          0   _printf_n.o
         6          0          0          0          0          0   _printf_o.o
       112          8          0          0          0        124   _printf_oct_int_ll.o
         6          0          0          0          0          0   _printf_p.o
        78          0          0          0          0        108   _printf_pad.o
         0          0          0          0          0          0   _printf_percent.o
         4          0          0          0          0          0   _printf_percent_end.o
         6          0          0          0          0          0   _printf_s.o
        82          0          0          0          0         80   _printf_str.o
        36          0          0          0          0         84   _printf_truncate.o
         6          0          0          0          0          0   _printf_u.o
        44          0          0          0          0        108   _printf_wchar.o
       188          6          8          0          0         92   _printf_wctomb.o
         6          0          0          0          0          0   _printf_x.o
        10          0          0          0          0         68   _sputc.o
        64          0          0          0          0         92   _wcrtomb.o
       220          4        148          0          0         96   bigflt0.o
      1910        128          0          0          0        672   btod.o
        36          4          0          0          0         76   c89vsprintf.o
        18          0          0          0          0         80   exit.o
         6          0          0          0          0        152   heapauxi.o
        44         10        272          0          0         76   lc_ctype_c.o
        44         10         28          0          0         76   lc_numeric_c.o
         2          0          0          0          0          0   libinit.o
        30          0          0          0          0          0   libinit2.o
         2          0          0          0          0          0   libshutdown.o
         2          0          0          0          0          0   libshutdown2.o
         8          4          0          0         96         68   libspace.o
       138          0          0          0          0         80   lludiv10.o
        88          0          0          0          0         76   memcmp.o
        16          4          0          0          0         76   rt_ctype_table.o
         8          4          0          0          0         68   rt_locale_intlibspace.o
        68          0          0          0          0         68   rt_memclr.o
        78          0          0          0          0         80   rt_memclr_w.o
       138          0          0          0          0         68   rt_memcpy_v6.o
       100          0          0          0          0         80   rt_memcpy_w.o
         2          0          0          0          0          0   rtexit.o
        10          0          0          0          0          0   rtexit2.o
       128          0          0          0          0         68   strcmpv7m.o
        62          0          0          0          0         76   strlen.o
        36          0          0          0          0         80   strstr.o
        74          0          0          0          0         80   sys_stackheap_outer.o
         2          0          0          0          0         68   use_no_semi.o
         2          0          0          0          0         68   use_no_semi_2.o
         4          0          0          0          0         68   printf1.o
         0          0          0          0          0          0   usenofp.o
        40          0          0          0          0         68   fpclassify.o

    ----------------------------------------------------------------------
      6552        258        516          0         96       4540   Library Totals
        16          0          3          0          0          0   (incl. Padding)

    ----------------------------------------------------------------------

      Code (inc. data)   RO Data    RW Data    ZI Data      Debug   Library Name

      6492        258        513          0         96       4404   c_w.l
         4          0          0          0          0         68   fz_ws.l
        40          0          0          0          0         68   m_ws.l

    ----------------------------------------------------------------------
      6552        258        516          0         96       4540   Library Totals

    ----------------------------------------------------------------------

==============================================================================


      Code (inc. data)   RO Data    RW Data    ZI Data      Debug   

     16568       2596        884        148       9252     309599   Grand Totals
     16568       2596        884        148       9252     309599   ELF Image Totals
     16568       2596        884        148          0          0   ROM Totals

==============================================================================

    Total RO  Size (Code + RO Data)                17452 (  17.04kB)
    Total RW  Size (RW Data + ZI Data)              9400 (   9.18kB)
    Total ROM Size (Code + RO Data + RW Data)      17600 (  17.19kB)

==============================================================================

